#! /Users/yatagaclapotk/Programs/oss-cad-suite/bin/vvp
:ivl_version "14.0 (devel)" "(s20260301-328-geda9fdcd1-dirty)";
:ivl_delay_selection "TYPICAL";
:vpi_time_precision - 12;
:vpi_module "/Users/yatagaclapotk/Programs/oss-cad-suite/lib/ivl/system.vpi";
:vpi_module "/Users/yatagaclapotk/Programs/oss-cad-suite/lib/ivl/vhdl_sys.vpi";
:vpi_module "/Users/yatagaclapotk/Programs/oss-cad-suite/lib/ivl/vhdl_textio.vpi";
:vpi_module "/Users/yatagaclapotk/Programs/oss-cad-suite/lib/ivl/v2005_math.vpi";
:vpi_module "/Users/yatagaclapotk/Programs/oss-cad-suite/lib/ivl/va_math.vpi";
:vpi_module "/Users/yatagaclapotk/Programs/oss-cad-suite/lib/ivl/v2009.vpi";
S_0x103653e30 .scope package, "$unit" "$unit" 2 1;
 .timescale 0 0;
S_0x103653fb0 .scope module, "D_CACHE_tb" "D_CACHE_tb" 3 4;
 .timescale -9 -12;
P_0x10364ade0 .param/l "CLK_PERIOD" 1 3 50, +C4<00000000000000000000000000001010>;
P_0x10364ae20 .param/l "F3_LB" 1 3 44, C4<000>;
P_0x10364ae60 .param/l "F3_LBU" 1 3 47, C4<100>;
P_0x10364aea0 .param/l "F3_LH" 1 3 45, C4<001>;
P_0x10364aee0 .param/l "F3_LHU" 1 3 48, C4<101>;
P_0x10364af20 .param/l "F3_LW" 1 3 46, C4<010>;
v0xbbd012ee0_0 .var "clk", 0 0;
v0xbbd012f80_0 .var "data_in", 31 0;
v0xbbd013020_0 .net "data_out", 31 0, v0xbbd011d60_0;  1 drivers
v0xbbd0130c0_0 .var/i "fail_count", 31 0;
v0xbbd013160_0 .var "funct3", 2 0;
v0xbbd013200 .array "mem", 4095 0, 31 0;
v0xbbd0132a0_0 .net "miss", 0 0, v0xbbd0121c0_0;  1 drivers
v0xbbd013340_0 .var/i "pass_count", 31 0;
v0xbbd0133e0_0 .var "r_addr", 31 0;
v0xbbd013480_0 .var "reset", 0 0;
v0xbbd013520_0 .var "saw_miss", 0 0;
v0xbbd0135c0_0 .net "stall", 0 0, v0xbbd012580_0;  1 drivers
v0xbbd013660_0 .var/i "test_count", 31 0;
v0xbbd013700_0 .var "valid", 0 0;
S_0x10364af60 .scope begin, "$unm_blk_15" "$unm_blk_15" 3 65, 3 65 0, S_0x103653fb0;
 .timescale -9 -12;
v0xbbd010780_0 .var/i "i", 31 0;
S_0x10365e6c0 .scope task, "check_data" "check_data" 3 87, 3 87 0, S_0x103653fb0;
 .timescale -9 -12;
v0xbbd010820_0 .var "actual", 31 0;
v0xbbd0108c0_0 .var "expected", 31 0;
v0xbbd0106e0_0 .var "name", 1600 0;
TD_D_CACHE_tb.check_data ;
    %load/vec4 v0xbbd013660_0;
    %addi 1, 0, 32;
    %store/vec4 v0xbbd013660_0, 0, 32;
    %load/vec4 v0xbbd0108c0_0;
    %load/vec4 v0xbbd010820_0;
    %cmp/e;
    %jmp/0xz  T_0.0, 6;
    %vpi_call/w 3 94 "$display", "[PASS] %0d: %s | Expected: 0x%08h Got: 0x%08h", v0xbbd013660_0, v0xbbd0106e0_0, v0xbbd0108c0_0, v0xbbd010820_0 {0 0 0};
    %load/vec4 v0xbbd013340_0;
    %addi 1, 0, 32;
    %store/vec4 v0xbbd013340_0, 0, 32;
    %jmp T_0.1;
T_0.0 ;
    %vpi_call/w 3 98 "$display", "[FAIL] %0d: %s | Expected: 0x%08h Got: 0x%08h", v0xbbd013660_0, v0xbbd0106e0_0, v0xbbd0108c0_0, v0xbbd010820_0 {0 0 0};
    %load/vec4 v0xbbd0130c0_0;
    %addi 1, 0, 32;
    %store/vec4 v0xbbd0130c0_0, 0, 32;
T_0.1 ;
    %end;
S_0x10365e840 .scope task, "check_hit_miss" "check_hit_miss" 3 107, 3 107 0, S_0x103653fb0;
 .timescale -9 -12;
v0xbbd0100a0_0 .var "expect_miss", 1 0;
v0xbbd010140_0 .var "got_miss", 0 0;
v0xbbd0101e0_0 .var "name", 1600 0;
TD_D_CACHE_tb.check_hit_miss ;
    %load/vec4 v0xbbd013660_0;
    %addi 1, 0, 32;
    %store/vec4 v0xbbd013660_0, 0, 32;
    %load/vec4 v0xbbd0100a0_0;
    %load/vec4 v0xbbd010140_0;
    %pad/u 2;
    %cmp/e;
    %jmp/0xz  T_1.2, 4;
    %load/vec4 v0xbbd0100a0_0;
    %cmpi/ne 0, 0, 2;
    %flag_mov 8, 4;
    %jmp/0 T_1.4, 8;
    %pushi/vec4 1296651091, 0, 32; draw_string_vec4
    %pushi/vec4 543520880, 0, 32; draw_string_vec4
    %concat/vec4; draw_string_vec4
    %pushi/vec4 1701016677, 0, 32; draw_string_vec4
    %concat/vec4; draw_string_vec4
    %pushi/vec4 1679843694, 0, 32; draw_string_vec4
    %concat/vec4; draw_string_vec4
    %pushi/vec4 1679845231, 0, 32; draw_string_vec4
    %concat/vec4; draw_string_vec4
    %pushi/vec4 116, 0, 8; draw_string_vec4
    %concat/vec4; draw_string_vec4
    %jmp/1 T_1.5, 8;
T_1.4 ; End of true expr.
    %pushi/vec4 4737364, 0, 32; draw_string_vec4
    %pushi/vec4 543520880, 0, 32; draw_string_vec4
    %concat/vec4; draw_string_vec4
    %pushi/vec4 1701016677, 0, 32; draw_string_vec4
    %concat/vec4; draw_string_vec4
    %pushi/vec4 1679843694, 0, 32; draw_string_vec4
    %concat/vec4; draw_string_vec4
    %pushi/vec4 1679845231, 0, 32; draw_string_vec4
    %concat/vec4; draw_string_vec4
    %pushi/vec4 116, 0, 8; draw_string_vec4
    %concat/vec4; draw_string_vec4
    %jmp/0 T_1.5, 8;
 ; End of false expr.
    %blend;
T_1.5;
    %vpi_call/w 3 114 "$display", "[PASS] %0d: %s | hit/miss OK (%s)", v0xbbd013660_0, v0xbbd0101e0_0, S<0,vec4,u168> {1 0 0};
    %load/vec4 v0xbbd013340_0;
    %addi 1, 0, 32;
    %store/vec4 v0xbbd013340_0, 0, 32;
    %jmp T_1.3;
T_1.2 ;
    %load/vec4 v0xbbd0100a0_0;
    %cmpi/ne 0, 0, 2;
    %flag_mov 8, 4;
    %jmp/0 T_1.6, 8;
    %pushi/vec4 1296651091, 0, 32; draw_string_vec4
    %jmp/1 T_1.7, 8;
T_1.6 ; End of true expr.
    %pushi/vec4 4737364, 0, 32; draw_string_vec4
    %jmp/0 T_1.7, 8;
 ; End of false expr.
    %blend;
T_1.7;
    %load/vec4 v0xbbd010140_0;
    %flag_set/vec4 8;
    %jmp/0 T_1.8, 8;
    %pushi/vec4 1296651091, 0, 32; draw_string_vec4
    %jmp/1 T_1.9, 8;
T_1.8 ; End of true expr.
    %pushi/vec4 4737364, 0, 32; draw_string_vec4
    %jmp/0 T_1.9, 8;
 ; End of false expr.
    %blend;
T_1.9;
    %vpi_call/w 3 118 "$display", "[FAIL] %0d: %s | hit/miss WRONG (expected %s, got %s)", v0xbbd013660_0, v0xbbd0101e0_0, S<1,vec4,u32>, S<0,vec4,u32> {2 0 0};
    %load/vec4 v0xbbd0130c0_0;
    %addi 1, 0, 32;
    %store/vec4 v0xbbd0130c0_0, 0, 32;
T_1.3 ;
    %end;
S_0x10365e9c0 .scope task, "load" "load" 3 128, 3 128 0, S_0x103653fb0;
 .timescale -9 -12;
v0xbbd010280_0 .var "addr", 31 0;
v0xbbd010960_0 .var "expect_miss", 1 0;
v0xbbd010a00_0 .var "expected", 31 0;
v0xbbd010aa0_0 .var "f3", 2 0;
v0xbbd010b40_0 .var "name", 1600 0;
E_0xbbcc02780 .event posedge, v0xbbd011b80_0;
TD_D_CACHE_tb.load ;
    %load/vec4 v0xbbd010280_0;
    %store/vec4 v0xbbd0133e0_0, 0, 32;
    %load/vec4 v0xbbd010aa0_0;
    %store/vec4 v0xbbd013160_0, 0, 3;
    %pushi/vec4 0, 0, 1;
    %store/vec4 v0xbbd013700_0, 0, 1;
    %pushi/vec4 0, 0, 1;
    %store/vec4 v0xbbd013520_0, 0, 1;
    %wait E_0xbbcc02780;
    %delay 1000, 0;
    %load/vec4 v0xbbd0135c0_0;
    %flag_set/vec4 8;
    %jmp/0xz  T_2.10, 8;
    %pushi/vec4 1, 0, 1;
    %store/vec4 v0xbbd013520_0, 0, 1;
    %pushi/vec4 1, 0, 1;
    %store/vec4 v0xbbd013700_0, 0, 1;
    %load/vec4 v0xbbd010280_0;
    %parti/s 30, 2, 3;
    %ix/vec4 4;
    %load/vec4a v0xbbd013200, 4;
    %store/vec4 v0xbbd012f80_0, 0, 32;
    %wait E_0xbbcc02780;
    %delay 1000, 0;
    %pushi/vec4 0, 0, 1;
    %store/vec4 v0xbbd013700_0, 0, 1;
    %wait E_0xbbcc02780;
    %delay 1000, 0;
    %wait E_0xbbcc02780;
    %delay 1000, 0;
    %jmp T_2.11;
T_2.10 ;
    %wait E_0xbbcc02780;
    %delay 1000, 0;
T_2.11 ;
    %load/vec4 v0xbbd010a00_0;
    %store/vec4 v0xbbd0108c0_0, 0, 32;
    %load/vec4 v0xbbd013020_0;
    %store/vec4 v0xbbd010820_0, 0, 32;
    %load/vec4 v0xbbd010b40_0;
    %store/vec4 v0xbbd0106e0_0, 0, 1601;
    %fork TD_D_CACHE_tb.check_data, S_0x10365e6c0;
    %join;
    %load/vec4 v0xbbd010960_0;
    %store/vec4 v0xbbd0100a0_0, 0, 2;
    %load/vec4 v0xbbd013520_0;
    %store/vec4 v0xbbd010140_0, 0, 1;
    %load/vec4 v0xbbd010b40_0;
    %store/vec4 v0xbbd0101e0_0, 0, 1601;
    %fork TD_D_CACHE_tb.check_hit_miss, S_0x10365e840;
    %join;
    %end;
S_0x1036604c0 .scope module, "uut" "D_CACHE" 3 19, 4 2 0, S_0x103653fb0;
 .timescale 0 0;
    .port_info 0 /INPUT 1 "clk";
    .port_info 1 /INPUT 1 "reset";
    .port_info 2 /INPUT 1 "valid";
    .port_info 3 /OUTPUT 1 "miss";
    .port_info 4 /OUTPUT 1 "stall";
    .port_info 5 /INPUT 32 "data_in";
    .port_info 6 /INPUT 32 "r_addr";
    .port_info 7 /INPUT 3 "funct3";
    .port_info 8 /OUTPUT 32 "data_out";
P_0x10365dbe0 .param/l "DONE" 0 4 22, +C4<00000000000000000000000000000010>;
P_0x10365dc20 .param/l "IDLE" 0 4 22, +C4<00000000000000000000000000000000>;
P_0x10365dc60 .param/l "START" 0 4 22, +C4<00000000000000000000000000000001>;
L_0x10365dca0 .functor OR 1, L_0xbbcc592c0, L_0xbbcc59360, C4<0>, C4<0>;
v0xbbd010be0_0 .net *"_ivl_12", 56 0, L_0xbbd013840;  1 drivers
v0xbbd010c80_0 .net *"_ivl_14", 8 0, L_0xbbcc58c80;  1 drivers
L_0xbbd478058 .functor BUFT 1, C4<00>, C4<0>, C4<0>, C4<0>;
v0xbbd010d20_0 .net *"_ivl_17", 1 0, L_0xbbd478058;  1 drivers
v0xbbd010dc0_0 .net *"_ivl_20", 55 0, L_0xbbd0138e0;  1 drivers
v0xbbd010e60_0 .net *"_ivl_22", 8 0, L_0xbbcc58dc0;  1 drivers
L_0xbbd4780a0 .functor BUFT 1, C4<00>, C4<0>, C4<0>, C4<0>;
v0xbbd010f00_0 .net *"_ivl_25", 1 0, L_0xbbd4780a0;  1 drivers
v0xbbd010fa0_0 .net *"_ivl_28", 56 0, L_0xbbd013980;  1 drivers
v0xbbd011040_0 .net *"_ivl_30", 8 0, L_0xbbcc58f00;  1 drivers
L_0xbbd4780e8 .functor BUFT 1, C4<00>, C4<0>, C4<0>, C4<0>;
v0xbbd0110e0_0 .net *"_ivl_33", 1 0, L_0xbbd4780e8;  1 drivers
v0xbbd011180_0 .net *"_ivl_36", 55 0, L_0xbbd013a20;  1 drivers
v0xbbd011220_0 .net *"_ivl_38", 8 0, L_0xbbcc59040;  1 drivers
v0xbbd0112c0_0 .net *"_ivl_4", 55 0, L_0xbbd0137a0;  1 drivers
L_0xbbd478130 .functor BUFT 1, C4<00>, C4<0>, C4<0>, C4<0>;
v0xbbd011360_0 .net *"_ivl_41", 1 0, L_0xbbd478130;  1 drivers
v0xbbd011400_0 .net *"_ivl_44", 56 0, L_0xbbd013ac0;  1 drivers
v0xbbd0114a0_0 .net *"_ivl_46", 8 0, L_0xbbcc59180;  1 drivers
L_0xbbd478178 .functor BUFT 1, C4<00>, C4<0>, C4<0>, C4<0>;
v0xbbd011540_0 .net *"_ivl_49", 1 0, L_0xbbd478178;  1 drivers
v0xbbd0115e0_0 .net *"_ivl_52", 0 0, L_0xbbd013b60;  1 drivers
L_0xbbd4781c0 .functor BUFT 1, C4<0>, C4<0>, C4<0>, C4<0>;
v0xbbd011680_0 .net/2u *"_ivl_54", 0 0, L_0xbbd4781c0;  1 drivers
v0xbbd011720_0 .net *"_ivl_58", 0 0, L_0xbbd013c00;  1 drivers
v0xbbd0117c0_0 .net *"_ivl_6", 8 0, L_0xbbcc58b40;  1 drivers
L_0xbbd478208 .functor BUFT 1, C4<0>, C4<0>, C4<0>, C4<0>;
v0xbbd011860_0 .net/2u *"_ivl_60", 0 0, L_0xbbd478208;  1 drivers
v0xbbd011900_0 .net *"_ivl_66", 56 0, L_0xbbd013ca0;  1 drivers
v0xbbd0119a0_0 .net *"_ivl_68", 8 0, L_0xbbcc59400;  1 drivers
L_0xbbd478250 .functor BUFT 1, C4<00>, C4<0>, C4<0>, C4<0>;
v0xbbd011a40_0 .net *"_ivl_71", 1 0, L_0xbbd478250;  1 drivers
L_0xbbd478010 .functor BUFT 1, C4<00>, C4<0>, C4<0>, C4<0>;
v0xbbd011ae0_0 .net *"_ivl_9", 1 0, L_0xbbd478010;  1 drivers
v0xbbd011b80_0 .net "clk", 0 0, v0xbbd012ee0_0;  1 drivers
v0xbbd011c20_0 .var "d_cache", 31 0;
v0xbbd011cc0_0 .net "data_in", 31 0, v0xbbd012f80_0;  1 drivers
v0xbbd011d60_0 .var "data_out", 31 0;
v0xbbd011e00_0 .net "data_temp", 31 0, L_0xbbcc59540;  1 drivers
v0xbbd011ea0_0 .net "funct3", 2 0, v0xbbd013160_0;  1 drivers
v0xbbd011f40_0 .net "hit", 0 0, L_0x10365dca0;  1 drivers
v0xbbd011fe0_0 .net "hit0", 0 0, L_0xbbcc592c0;  1 drivers
v0xbbd012080_0 .net "hit1", 0 0, L_0xbbcc59360;  1 drivers
v0xbbd012120_0 .net "lru", 0 0, L_0xbbcc594a0;  1 drivers
v0xbbd0121c0_0 .var "miss", 0 0;
v0xbbd012260_0 .net "r_addr", 31 0, v0xbbd0133e0_0;  1 drivers
v0xbbd012300_0 .net "reset", 0 0, v0xbbd013480_0;  1 drivers
v0xbbd0123a0_0 .var "selected_byte", 7 0;
v0xbbd012440_0 .var "selected_half", 15 0;
v0xbbd0124e0_0 .net "set", 6 0, L_0xbbcc58a00;  1 drivers
v0xbbd012580_0 .var "stall", 0 0;
v0xbbd012620_0 .var "state", 1 0;
v0xbbd0126c0_0 .net "tag", 22 0, L_0xbbcc58aa0;  1 drivers
v0xbbd012760_0 .var "target", 0 0;
v0xbbd012800_0 .net "valid", 0 0, v0xbbd013700_0;  1 drivers
v0xbbd0128a0 .array "way0_cache", 128 0, 55 0;
v0xbbd012940_0 .net "way0_data", 31 0, L_0xbbcc58be0;  1 drivers
v0xbbd0129e0_0 .net "way0_tag", 22 0, L_0xbbcc58e60;  1 drivers
v0xbbd012a80_0 .net "way0_valid", 0 0, L_0xbbcc590e0;  1 drivers
v0xbbd012b20 .array "way1_cache", 128 0, 56 0;
v0xbbd012bc0_0 .net "way1_data", 31 0, L_0xbbcc58d20;  1 drivers
v0xbbd012c60_0 .net "way1_tag", 22 0, L_0xbbcc58fa0;  1 drivers
v0xbbd012d00_0 .net "way1_valid", 0 0, L_0xbbcc59220;  1 drivers
E_0xbbcc02800/0 .event anyedge, v0xbbd011f40_0, v0xbbd012260_0, v0xbbd011c20_0, v0xbbd011ea0_0;
E_0xbbcc02800/1 .event anyedge, v0xbbd0123a0_0, v0xbbd012440_0;
E_0xbbcc02800 .event/or E_0xbbcc02800/0, E_0xbbcc02800/1;
L_0xbbcc58a00 .part v0xbbd0133e0_0, 2, 7;
L_0xbbcc58aa0 .part v0xbbd0133e0_0, 9, 23;
L_0xbbd0137a0 .array/port v0xbbd0128a0, L_0xbbcc58b40;
L_0xbbcc58b40 .concat [ 7 2 0 0], L_0xbbcc58a00, L_0xbbd478010;
L_0xbbcc58be0 .part L_0xbbd0137a0, 0, 32;
L_0xbbd013840 .array/port v0xbbd012b20, L_0xbbcc58c80;
L_0xbbcc58c80 .concat [ 7 2 0 0], L_0xbbcc58a00, L_0xbbd478058;
L_0xbbcc58d20 .part L_0xbbd013840, 0, 32;
L_0xbbd0138e0 .array/port v0xbbd0128a0, L_0xbbcc58dc0;
L_0xbbcc58dc0 .concat [ 7 2 0 0], L_0xbbcc58a00, L_0xbbd4780a0;
L_0xbbcc58e60 .part L_0xbbd0138e0, 32, 23;
L_0xbbd013980 .array/port v0xbbd012b20, L_0xbbcc58f00;
L_0xbbcc58f00 .concat [ 7 2 0 0], L_0xbbcc58a00, L_0xbbd4780e8;
L_0xbbcc58fa0 .part L_0xbbd013980, 32, 23;
L_0xbbd013a20 .array/port v0xbbd0128a0, L_0xbbcc59040;
L_0xbbcc59040 .concat [ 7 2 0 0], L_0xbbcc58a00, L_0xbbd478130;
L_0xbbcc590e0 .part L_0xbbd013a20, 55, 1;
L_0xbbd013ac0 .array/port v0xbbd012b20, L_0xbbcc59180;
L_0xbbcc59180 .concat [ 7 2 0 0], L_0xbbcc58a00, L_0xbbd478178;
L_0xbbcc59220 .part L_0xbbd013ac0, 56, 1;
L_0xbbd013b60 .cmp/eq 23, L_0xbbcc58aa0, L_0xbbcc58e60;
L_0xbbcc592c0 .functor MUXZ 1, L_0xbbd4781c0, L_0xbbcc590e0, L_0xbbd013b60, C4<>;
L_0xbbd013c00 .cmp/eq 23, L_0xbbcc58aa0, L_0xbbcc58fa0;
L_0xbbcc59360 .functor MUXZ 1, L_0xbbd478208, L_0xbbcc59220, L_0xbbd013c00, C4<>;
L_0xbbd013ca0 .array/port v0xbbd012b20, L_0xbbcc59400;
L_0xbbcc59400 .concat [ 7 2 0 0], L_0xbbcc58a00, L_0xbbd478250;
L_0xbbcc594a0 .part L_0xbbd013ca0, 55, 1;
L_0xbbcc59540 .functor MUXZ 32, L_0xbbcc58be0, L_0xbbcc58d20, L_0xbbcc59360, C4<>;
S_0x103660640 .scope task, "write_mem" "write_mem" 3 78, 3 78 0, S_0x103653fb0;
 .timescale -9 -12;
v0xbbd012da0_0 .var "addr", 31 0;
v0xbbd012e40_0 .var "word", 31 0;
TD_D_CACHE_tb.write_mem ;
    %load/vec4 v0xbbd012e40_0;
    %load/vec4 v0xbbd012da0_0;
    %parti/s 30, 2, 3;
    %ix/vec4 4;
    %store/vec4a v0xbbd013200, 4, 0;
    %end;
    .scope S_0x1036604c0;
T_4 ;
    %wait E_0xbbcc02780;
    %load/vec4 v0xbbd012300_0;
    %flag_set/vec4 8;
    %jmp/0xz  T_4.0, 8;
    %pushi/vec4 0, 0, 1;
    %assign/vec4 v0xbbd0121c0_0, 0;
    %pushi/vec4 0, 0, 1;
    %assign/vec4 v0xbbd012580_0, 0;
    %pushi/vec4 0, 0, 1;
    %assign/vec4 v0xbbd012760_0, 0;
    %pushi/vec4 0, 0, 2;
    %assign/vec4 v0xbbd012620_0, 0;
    %jmp T_4.1;
T_4.0 ;
    %load/vec4 v0xbbd012620_0;
    %dup/vec4;
    %pushi/vec4 0, 0, 2;
    %cmp/e;
    %jmp/1 T_4.2, 6;
    %dup/vec4;
    %pushi/vec4 1, 0, 2;
    %cmp/e;
    %jmp/1 T_4.3, 6;
    %dup/vec4;
    %pushi/vec4 2, 0, 2;
    %cmp/e;
    %jmp/1 T_4.4, 6;
    %jmp T_4.5;
T_4.2 ;
    %load/vec4 v0xbbd011f40_0;
    %nor/r;
    %flag_set/vec4 8;
    %jmp/0xz  T_4.6, 8;
    %pushi/vec4 1, 0, 1;
    %assign/vec4 v0xbbd0121c0_0, 0;
    %pushi/vec4 1, 0, 1;
    %assign/vec4 v0xbbd012580_0, 0;
    %pushi/vec4 1, 0, 2;
    %assign/vec4 v0xbbd012620_0, 0;
    %jmp T_4.7;
T_4.6 ;
    %load/vec4 v0xbbd011e00_0;
    %assign/vec4 v0xbbd011c20_0, 0;
    %pushi/vec4 0, 0, 1;
    %assign/vec4 v0xbbd0121c0_0, 0;
T_4.7 ;
    %jmp T_4.5;
T_4.3 ;
    %load/vec4 v0xbbd012800_0;
    %flag_set/vec4 8;
    %jmp/0xz  T_4.8, 8;
    %pushi/vec4 2, 0, 2;
    %assign/vec4 v0xbbd012620_0, 0;
    %load/vec4 v0xbbd012120_0;
    %flag_set/vec4 8;
    %jmp/0xz  T_4.10, 8;
    %load/vec4 v0xbbd012800_0;
    %load/vec4 v0xbbd012120_0;
    %nor/r;
    %concat/vec4; draw_concat_vec4
    %load/vec4 v0xbbd0126c0_0;
    %concat/vec4; draw_concat_vec4
    %load/vec4 v0xbbd011cc0_0;
    %concat/vec4; draw_concat_vec4
    %load/vec4 v0xbbd0124e0_0;
    %pad/u 9;
    %ix/vec4 3;
    %ix/load 4, 0, 0; Constant delay
    %assign/vec4/a/d v0xbbd012b20, 0, 4;
    %jmp T_4.11;
T_4.10 ;
    %load/vec4 v0xbbd012800_0;
    %load/vec4 v0xbbd0126c0_0;
    %concat/vec4; draw_concat_vec4
    %load/vec4 v0xbbd011cc0_0;
    %concat/vec4; draw_concat_vec4
    %load/vec4 v0xbbd0124e0_0;
    %pad/u 9;
    %ix/vec4 3;
    %ix/load 4, 0, 0; Constant delay
    %assign/vec4/a/d v0xbbd0128a0, 0, 4;
    %pushi/vec4 1, 0, 1;
    %load/vec4 v0xbbd0124e0_0;
    %pad/u 9;
    %ix/vec4 3;
    %ix/load 4, 55, 0; part off
    %ix/load 5, 0, 0; Constant delay
    %assign/vec4/a/d v0xbbd012b20, 4, 5;
T_4.11 ;
    %jmp T_4.9;
T_4.8 ;
    %pushi/vec4 1, 0, 2;
    %assign/vec4 v0xbbd012620_0, 0;
T_4.9 ;
    %jmp T_4.5;
T_4.4 ;
    %pushi/vec4 0, 0, 1;
    %assign/vec4 v0xbbd0121c0_0, 0;
    %pushi/vec4 0, 0, 1;
    %assign/vec4 v0xbbd012580_0, 0;
    %pushi/vec4 0, 0, 2;
    %assign/vec4 v0xbbd012620_0, 0;
    %jmp T_4.5;
T_4.5 ;
    %pop/vec4 1;
T_4.1 ;
    %jmp T_4;
    .thread T_4;
    .scope S_0x1036604c0;
T_5 ;
    %wait E_0xbbcc02800;
    %load/vec4 v0xbbd011f40_0;
    %flag_set/vec4 8;
    %jmp/0xz  T_5.0, 8;
    %load/vec4 v0xbbd012260_0;
    %parti/s 2, 0, 2;
    %dup/vec4;
    %pushi/vec4 0, 0, 2;
    %cmp/e;
    %jmp/1 T_5.2, 6;
    %dup/vec4;
    %pushi/vec4 1, 0, 2;
    %cmp/e;
    %jmp/1 T_5.3, 6;
    %dup/vec4;
    %pushi/vec4 2, 0, 2;
    %cmp/e;
    %jmp/1 T_5.4, 6;
    %dup/vec4;
    %pushi/vec4 3, 0, 2;
    %cmp/e;
    %jmp/1 T_5.5, 6;
    %jmp T_5.6;
T_5.2 ;
    %load/vec4 v0xbbd011c20_0;
    %parti/s 8, 0, 2;
    %store/vec4 v0xbbd0123a0_0, 0, 8;
    %jmp T_5.6;
T_5.3 ;
    %load/vec4 v0xbbd011c20_0;
    %parti/s 8, 8, 5;
    %store/vec4 v0xbbd0123a0_0, 0, 8;
    %jmp T_5.6;
T_5.4 ;
    %load/vec4 v0xbbd011c20_0;
    %parti/s 8, 16, 6;
    %store/vec4 v0xbbd0123a0_0, 0, 8;
    %jmp T_5.6;
T_5.5 ;
    %load/vec4 v0xbbd011c20_0;
    %parti/s 8, 24, 6;
    %store/vec4 v0xbbd0123a0_0, 0, 8;
    %jmp T_5.6;
T_5.6 ;
    %pop/vec4 1;
    %load/vec4 v0xbbd012260_0;
    %parti/s 1, 1, 2;
    %dup/vec4;
    %pushi/vec4 0, 0, 1;
    %cmp/e;
    %jmp/1 T_5.7, 6;
    %dup/vec4;
    %pushi/vec4 1, 0, 1;
    %cmp/e;
    %jmp/1 T_5.8, 6;
    %jmp T_5.9;
T_5.7 ;
    %load/vec4 v0xbbd011c20_0;
    %parti/s 16, 0, 2;
    %store/vec4 v0xbbd012440_0, 0, 16;
    %jmp T_5.9;
T_5.8 ;
    %load/vec4 v0xbbd011c20_0;
    %parti/s 16, 16, 6;
    %store/vec4 v0xbbd012440_0, 0, 16;
    %jmp T_5.9;
T_5.9 ;
    %pop/vec4 1;
    %load/vec4 v0xbbd011ea0_0;
    %dup/vec4;
    %pushi/vec4 0, 0, 3;
    %cmp/e;
    %jmp/1 T_5.10, 6;
    %dup/vec4;
    %pushi/vec4 1, 0, 3;
    %cmp/e;
    %jmp/1 T_5.11, 6;
    %dup/vec4;
    %pushi/vec4 2, 0, 3;
    %cmp/e;
    %jmp/1 T_5.12, 6;
    %dup/vec4;
    %pushi/vec4 4, 0, 3;
    %cmp/e;
    %jmp/1 T_5.13, 6;
    %dup/vec4;
    %pushi/vec4 5, 0, 3;
    %cmp/e;
    %jmp/1 T_5.14, 6;
    %load/vec4 v0xbbd011c20_0;
    %store/vec4 v0xbbd011d60_0, 0, 32;
    %jmp T_5.16;
T_5.10 ;
    %load/vec4 v0xbbd0123a0_0;
    %parti/s 1, 7, 4;
    %replicate 24;
    %load/vec4 v0xbbd0123a0_0;
    %concat/vec4; draw_concat_vec4
    %store/vec4 v0xbbd011d60_0, 0, 32;
    %jmp T_5.16;
T_5.11 ;
    %load/vec4 v0xbbd012440_0;
    %parti/s 1, 15, 5;
    %replicate 16;
    %load/vec4 v0xbbd012440_0;
    %concat/vec4; draw_concat_vec4
    %store/vec4 v0xbbd011d60_0, 0, 32;
    %jmp T_5.16;
T_5.12 ;
    %load/vec4 v0xbbd011c20_0;
    %store/vec4 v0xbbd011d60_0, 0, 32;
    %jmp T_5.16;
T_5.13 ;
    %pushi/vec4 0, 0, 24;
    %load/vec4 v0xbbd0123a0_0;
    %concat/vec4; draw_concat_vec4
    %store/vec4 v0xbbd011d60_0, 0, 32;
    %jmp T_5.16;
T_5.14 ;
    %pushi/vec4 0, 0, 16;
    %load/vec4 v0xbbd012440_0;
    %concat/vec4; draw_concat_vec4
    %store/vec4 v0xbbd011d60_0, 0, 32;
    %jmp T_5.16;
T_5.16 ;
    %pop/vec4 1;
T_5.0 ;
    %jmp T_5;
    .thread T_5, $push;
    .scope S_0x103653fb0;
T_6 ;
    %pushi/vec4 0, 0, 32;
    %store/vec4 v0xbbd013340_0, 0, 32;
    %pushi/vec4 0, 0, 32;
    %store/vec4 v0xbbd0130c0_0, 0, 32;
    %pushi/vec4 0, 0, 32;
    %store/vec4 v0xbbd013660_0, 0, 32;
    %end;
    .thread T_6, $init;
    .scope S_0x103653fb0;
T_7 ;
    %pushi/vec4 0, 0, 1;
    %store/vec4 v0xbbd012ee0_0, 0, 1;
T_7.0 ;
    %delay 5000, 0;
    %load/vec4 v0xbbd012ee0_0;
    %inv;
    %store/vec4 v0xbbd012ee0_0, 0, 1;
    %jmp T_7.0;
T_7.1 ;
    %end;
    .thread T_7;
    .scope S_0x103653fb0;
T_8 ;
    %fork t_1, S_0x10364af60;
    %jmp t_0;
    .scope S_0x10364af60;
t_1 ;
    %pushi/vec4 0, 0, 32;
    %store/vec4 v0xbbd010780_0, 0, 32;
T_8.0 ; Top of for-loop
    %load/vec4 v0xbbd010780_0;
    %cmpi/s 128, 0, 32;
    %flag_or 5, 4;
	  %jmp/0xz T_8.1, 5;
    %pushi/vec4 0, 0, 56;
    %ix/getv/s 4, v0xbbd010780_0;
    %store/vec4a v0xbbd0128a0, 4, 0;
    %pushi/vec4 0, 0, 57;
    %ix/getv/s 4, v0xbbd010780_0;
    %store/vec4a v0xbbd012b20, 4, 0;
T_8.2 ; for-loop step statement
    %load/vec4 v0xbbd010780_0;
    %addi 1, 0, 32;
    %store/vec4 v0xbbd010780_0, 0, 32;
    %jmp T_8.0;
T_8.1 ; for-loop exit label
    %end;
    .scope S_0x103653fb0;
t_0 %join;
    %end;
    .thread T_8;
    .scope S_0x103653fb0;
T_9 ;
    %vpi_call/w 3 165 "$dumpfile", "D_CACHE_tb.vcd" {0 0 0};
    %vpi_call/w 3 166 "$dumpvars", 32'sb00000000000000000000000000000000, S_0x103653fb0 {0 0 0};
    %vpi_call/w 3 167 "$display", "==============================================" {0 0 0};
    %vpi_call/w 3 168 "$display", "  D_CACHE  new-handshake testbench (functional)" {0 0 0};
    %vpi_call/w 3 169 "$display", "==============================================" {0 0 0};
    %vpi_call/w 3 176 "$display", "\012--- Test 1: Reset clears handshake ---" {0 0 0};
    %pushi/vec4 1, 0, 1;
    %store/vec4 v0xbbd013480_0, 0, 1;
    %pushi/vec4 0, 0, 1;
    %store/vec4 v0xbbd013700_0, 0, 1;
    %pushi/vec4 0, 0, 32;
    %store/vec4 v0xbbd012f80_0, 0, 32;
    %pushi/vec4 0, 0, 32;
    %store/vec4 v0xbbd0133e0_0, 0, 32;
    %pushi/vec4 2, 0, 3;
    %store/vec4 v0xbbd013160_0, 0, 3;
    %wait E_0xbbcc02780;
    %delay 1000, 0;
    %wait E_0xbbcc02780;
    %delay 1000, 0;
    %pushi/vec4 0, 0, 32;
    %store/vec4 v0xbbd0108c0_0, 0, 32;
    %load/vec4 v0xbbd0135c0_0;
    %pad/u 32;
    %store/vec4 v0xbbd010820_0, 0, 32;
    %pushi/vec4 3874013912, 0, 1466;
    %concati/vec4 3631905376, 0, 32;
    %concati/vec4 2173818313, 0, 33;
    %concati/vec4 2780404865, 0, 32;
    %concati/vec4 3382037909, 0, 32;
    %concati/vec4 52, 0, 6;
    %store/vec4 v0xbbd0106e0_0, 0, 1601;
    %fork TD_D_CACHE_tb.check_data, S_0x10365e6c0;
    %join;
    %pushi/vec4 0, 0, 32;
    %store/vec4 v0xbbd0108c0_0, 0, 32;
    %load/vec4 v0xbbd0132a0_0;
    %pad/u 32;
    %store/vec4 v0xbbd010820_0, 0, 32;
    %pushi/vec4 3671254758, 0, 1466;
    %concati/vec4 2163537088, 0, 33;
    %concati/vec4 2173818313, 0, 32;
    %concati/vec4 2780404865, 0, 32;
    %concati/vec4 3382037909, 0, 32;
    %concati/vec4 52, 0, 6;
    %store/vec4 v0xbbd0106e0_0, 0, 1601;
    %fork TD_D_CACHE_tb.check_data, S_0x10365e6c0;
    %join;
    %pushi/vec4 0, 0, 1;
    %store/vec4 v0xbbd013480_0, 0, 1;
    %wait E_0xbbcc02780;
    %delay 1000, 0;
    %vpi_call/w 3 194 "$display", "\012--- Test 2: Miss-fill handshake (cold miss) ---" {0 0 0};
    %pushi/vec4 32, 0, 32;
    %store/vec4 v0xbbd012da0_0, 0, 32;
    %pushi/vec4 3735928559, 0, 32;
    %store/vec4 v0xbbd012e40_0, 0, 32;
    %fork TD_D_CACHE_tb.write_mem, S_0x103660640;
    %join;
    %pushi/vec4 32, 0, 32;
    %store/vec4 v0xbbd010280_0, 0, 32;
    %pushi/vec4 2, 0, 3;
    %store/vec4 v0xbbd010aa0_0, 0, 3;
    %pushi/vec4 3735928559, 0, 32;
    %store/vec4 v0xbbd010a00_0, 0, 32;
    %pushi/vec4 1, 0, 2;
    %store/vec4 v0xbbd010960_0, 0, 2;
    %pushi/vec4 3671254758, 0, 1490;
    %concati/vec4 3046745521, 0, 33;
    %concati/vec4 2961228256, 0, 32;
    %concati/vec4 3368071297, 0, 32;
    %concati/vec4 3159, 0, 14;
    %store/vec4 v0xbbd010b40_0, 0, 1601;
    %fork TD_D_CACHE_tb.load, S_0x10365e9c0;
    %join;
    %vpi_call/w 3 201 "$display", "\012--- Test 3: Hit on re-access ---" {0 0 0};
    %pushi/vec4 32, 0, 32;
    %store/vec4 v0xbbd010280_0, 0, 32;
    %pushi/vec4 2, 0, 3;
    %store/vec4 v0xbbd010aa0_0, 0, 3;
    %pushi/vec4 3735928559, 0, 32;
    %store/vec4 v0xbbd010a00_0, 0, 32;
    %pushi/vec4 0, 0, 2;
    %store/vec4 v0xbbd010960_0, 0, 2;
    %pushi/vec4 3838466788, 0, 1506;
    %concati/vec4 3401762880, 0, 32;
    %concati/vec4 3252734144, 0, 33;
    %concati/vec4 740314199, 0, 30;
    %store/vec4 v0xbbd010b40_0, 0, 1601;
    %fork TD_D_CACHE_tb.load, S_0x10365e9c0;
    %join;
    %vpi_call/w 3 207 "$display", "\012--- Test 4: LW across sets (cold misses) ---" {0 0 0};
    %pushi/vec4 0, 0, 32;
    %store/vec4 v0xbbd012da0_0, 0, 32;
    %pushi/vec4 305419896, 0, 32;
    %store/vec4 v0xbbd012e40_0, 0, 32;
    %fork TD_D_CACHE_tb.write_mem, S_0x103660640;
    %join;
    %pushi/vec4 8, 0, 32;
    %store/vec4 v0xbbd012da0_0, 0, 32;
    %pushi/vec4 3405691582, 0, 32;
    %store/vec4 v0xbbd012e40_0, 0, 32;
    %fork TD_D_CACHE_tb.write_mem, S_0x103660640;
    %join;
    %pushi/vec4 256, 0, 32;
    %store/vec4 v0xbbd012da0_0, 0, 32;
    %pushi/vec4 2309737967, 0, 32;
    %store/vec4 v0xbbd012e40_0, 0, 32;
    %fork TD_D_CACHE_tb.write_mem, S_0x103660640;
    %join;
    %pushi/vec4 0, 0, 32;
    %store/vec4 v0xbbd010280_0, 0, 32;
    %pushi/vec4 2, 0, 3;
    %store/vec4 v0xbbd010aa0_0, 0, 3;
    %pushi/vec4 305419896, 0, 32;
    %store/vec4 v0xbbd010a00_0, 0, 32;
    %pushi/vec4 1, 0, 2;
    %store/vec4 v0xbbd010960_0, 0, 2;
    %pushi/vec4 2561556576, 0, 1522;
    %concati/vec4 4032847936, 0, 32;
    %concati/vec4 2710420913, 0, 33;
    %concati/vec4 9257, 0, 14;
    %store/vec4 v0xbbd010b40_0, 0, 1601;
    %fork TD_D_CACHE_tb.load, S_0x10365e9c0;
    %join;
    %pushi/vec4 8, 0, 32;
    %store/vec4 v0xbbd010280_0, 0, 32;
    %pushi/vec4 2, 0, 3;
    %store/vec4 v0xbbd010aa0_0, 0, 3;
    %pushi/vec4 3405691582, 0, 32;
    %store/vec4 v0xbbd010a00_0, 0, 32;
    %pushi/vec4 1, 0, 2;
    %store/vec4 v0xbbd010960_0, 0, 2;
    %pushi/vec4 2561556576, 0, 1522;
    %concati/vec4 4032852032, 0, 32;
    %concati/vec4 2710420913, 0, 33;
    %concati/vec4 9257, 0, 14;
    %store/vec4 v0xbbd010b40_0, 0, 1601;
    %fork TD_D_CACHE_tb.load, S_0x10365e9c0;
    %join;
    %pushi/vec4 256, 0, 32;
    %store/vec4 v0xbbd010280_0, 0, 32;
    %pushi/vec4 2, 0, 3;
    %store/vec4 v0xbbd010aa0_0, 0, 3;
    %pushi/vec4 2309737967, 0, 32;
    %store/vec4 v0xbbd010a00_0, 0, 32;
    %pushi/vec4 1, 0, 2;
    %store/vec4 v0xbbd010960_0, 0, 2;
    %pushi/vec4 2561556576, 0, 1514;
    %concati/vec4 4032979040, 0, 32;
    %concati/vec4 2158071229, 0, 33;
    %concati/vec4 2909225, 0, 22;
    %store/vec4 v0xbbd010b40_0, 0, 1601;
    %fork TD_D_CACHE_tb.load, S_0x10365e9c0;
    %join;
    %pushi/vec4 256, 0, 32;
    %store/vec4 v0xbbd010280_0, 0, 32;
    %pushi/vec4 2, 0, 3;
    %store/vec4 v0xbbd010aa0_0, 0, 3;
    %pushi/vec4 2309737967, 0, 32;
    %store/vec4 v0xbbd010a00_0, 0, 32;
    %pushi/vec4 0, 0, 2;
    %store/vec4 v0xbbd010960_0, 0, 2;
    %pushi/vec4 3838466788, 0, 1482;
    %concati/vec4 3401762880, 0, 32;
    %concati/vec4 3252733120, 0, 33;
    %concati/vec4 3229655457, 0, 32;
    %concati/vec4 2716713, 0, 22;
    %store/vec4 v0xbbd010b40_0, 0, 1601;
    %fork TD_D_CACHE_tb.load, S_0x10365e9c0;
    %join;
    %vpi_call/w 3 220 "$display", "\012--- Test 5: LB sign extension ---" {0 0 0};
    %pushi/vec4 64, 0, 32;
    %store/vec4 v0xbbd012da0_0, 0, 32;
    %pushi/vec4 2155872001, 0, 32;
    %store/vec4 v0xbbd012e40_0, 0, 32;
    %fork TD_D_CACHE_tb.write_mem, S_0x103660640;
    %join;
    %pushi/vec4 64, 0, 32;
    %store/vec4 v0xbbd010280_0, 0, 32;
    %pushi/vec4 0, 0, 3;
    %store/vec4 v0xbbd010aa0_0, 0, 3;
    %pushi/vec4 1, 0, 32;
    %store/vec4 v0xbbd010a00_0, 0, 32;
    %pushi/vec4 1, 0, 2;
    %store/vec4 v0xbbd010960_0, 0, 2;
    %pushi/vec4 2558804064, 0, 1474;
    %concati/vec4 4033372224, 0, 32;
    %concati/vec4 3304253642, 0, 32;
    %concati/vec4 3229655437, 0, 33;
    %concati/vec4 795632681, 0, 30;
    %store/vec4 v0xbbd010b40_0, 0, 1601;
    %fork TD_D_CACHE_tb.load, S_0x10365e9c0;
    %join;
    %pushi/vec4 65, 0, 32;
    %store/vec4 v0xbbd010280_0, 0, 32;
    %pushi/vec4 0, 0, 3;
    %store/vec4 v0xbbd010aa0_0, 0, 3;
    %pushi/vec4 4294967295, 0, 32;
    %store/vec4 v0xbbd010a00_0, 0, 32;
    %pushi/vec4 0, 0, 2;
    %store/vec4 v0xbbd010960_0, 0, 2;
    %pushi/vec4 2558804064, 0, 1482;
    %concati/vec4 4033372736, 0, 32;
    %concati/vec4 3304253642, 0, 32;
    %concati/vec4 3296764321, 0, 33;
    %concati/vec4 2716713, 0, 22;
    %store/vec4 v0xbbd010b40_0, 0, 1601;
    %fork TD_D_CACHE_tb.load, S_0x10365e9c0;
    %join;
    %pushi/vec4 66, 0, 32;
    %store/vec4 v0xbbd010280_0, 0, 32;
    %pushi/vec4 0, 0, 3;
    %store/vec4 v0xbbd010aa0_0, 0, 3;
    %pushi/vec4 127, 0, 32;
    %store/vec4 v0xbbd010a00_0, 0, 32;
    %pushi/vec4 0, 0, 2;
    %store/vec4 v0xbbd010960_0, 0, 2;
    %pushi/vec4 2558804064, 0, 1482;
    %concati/vec4 4033373248, 0, 32;
    %concati/vec4 3304253642, 0, 32;
    %concati/vec4 3363873185, 0, 33;
    %concati/vec4 2716713, 0, 22;
    %store/vec4 v0xbbd010b40_0, 0, 1601;
    %fork TD_D_CACHE_tb.load, S_0x10365e9c0;
    %join;
    %pushi/vec4 67, 0, 32;
    %store/vec4 v0xbbd010280_0, 0, 32;
    %pushi/vec4 0, 0, 3;
    %store/vec4 v0xbbd010aa0_0, 0, 3;
    %pushi/vec4 4294967168, 0, 32;
    %store/vec4 v0xbbd010a00_0, 0, 32;
    %pushi/vec4 0, 0, 2;
    %store/vec4 v0xbbd010960_0, 0, 2;
    %pushi/vec4 2558804064, 0, 1482;
    %concati/vec4 4033373760, 0, 32;
    %concati/vec4 3304253642, 0, 32;
    %concati/vec4 3430982049, 0, 33;
    %concati/vec4 2716713, 0, 22;
    %store/vec4 v0xbbd010b40_0, 0, 1601;
    %fork TD_D_CACHE_tb.load, S_0x10365e9c0;
    %join;
    %vpi_call/w 3 230 "$display", "\012--- Test 6: LBU zero extension ---" {0 0 0};
    %pushi/vec4 64, 0, 32;
    %store/vec4 v0xbbd010280_0, 0, 32;
    %pushi/vec4 4, 0, 3;
    %store/vec4 v0xbbd010aa0_0, 0, 3;
    %pushi/vec4 1, 0, 32;
    %store/vec4 v0xbbd010a00_0, 0, 32;
    %pushi/vec4 0, 0, 2;
    %store/vec4 v0xbbd010960_0, 0, 2;
    %pushi/vec4 2558831168, 0, 1474;
    %concati/vec4 3252736192, 0, 33;
    %concati/vec4 2173298129, 0, 32;
    %concati/vec4 2495643809, 0, 32;
    %concati/vec4 677999657, 0, 30;
    %store/vec4 v0xbbd010b40_0, 0, 1601;
    %fork TD_D_CACHE_tb.load, S_0x10365e9c0;
    %join;
    %pushi/vec4 67, 0, 32;
    %store/vec4 v0xbbd010280_0, 0, 32;
    %pushi/vec4 4, 0, 3;
    %store/vec4 v0xbbd010aa0_0, 0, 3;
    %pushi/vec4 128, 0, 32;
    %store/vec4 v0xbbd010a00_0, 0, 32;
    %pushi/vec4 0, 0, 2;
    %store/vec4 v0xbbd010960_0, 0, 2;
    %pushi/vec4 2558831168, 0, 1474;
    %concati/vec4 3252736204, 0, 33;
    %concati/vec4 2173298129, 0, 32;
    %concati/vec4 2496430241, 0, 32;
    %concati/vec4 677999657, 0, 30;
    %store/vec4 v0xbbd010b40_0, 0, 1601;
    %fork TD_D_CACHE_tb.load, S_0x10365e9c0;
    %join;
    %vpi_call/w 3 238 "$display", "\012--- Test 7: LH sign extension ---" {0 0 0};
    %pushi/vec4 96, 0, 32;
    %store/vec4 v0xbbd012da0_0, 0, 32;
    %pushi/vec4 2147581951, 0, 32;
    %store/vec4 v0xbbd012e40_0, 0, 32;
    %fork TD_D_CACHE_tb.write_mem, S_0x103660640;
    %join;
    %pushi/vec4 96, 0, 32;
    %store/vec4 v0xbbd010280_0, 0, 32;
    %pushi/vec4 1, 0, 3;
    %store/vec4 v0xbbd010aa0_0, 0, 3;
    %pushi/vec4 32767, 0, 32;
    %store/vec4 v0xbbd010a00_0, 0, 32;
    %pushi/vec4 1, 0, 2;
    %store/vec4 v0xbbd010960_0, 0, 2;
    %pushi/vec4 2559590496, 0, 1474;
    %concati/vec4 4033634368, 0, 32;
    %concati/vec4 3638488778, 0, 32;
    %concati/vec4 3829420230, 0, 32;
    %concati/vec4 1869374505, 0, 31;
    %store/vec4 v0xbbd010b40_0, 0, 1601;
    %fork TD_D_CACHE_tb.load, S_0x10365e9c0;
    %join;
    %pushi/vec4 98, 0, 32;
    %store/vec4 v0xbbd010280_0, 0, 32;
    %pushi/vec4 1, 0, 3;
    %store/vec4 v0xbbd010aa0_0, 0, 3;
    %pushi/vec4 4294934529, 0, 32;
    %store/vec4 v0xbbd010a00_0, 0, 32;
    %pushi/vec4 0, 0, 2;
    %store/vec4 v0xbbd010960_0, 0, 2;
    %pushi/vec4 2559590496, 0, 1482;
    %concati/vec4 4033635392, 0, 32;
    %concati/vec4 3940606154, 0, 32;
    %concati/vec4 3829420240, 0, 32;
    %concati/vec4 6911017, 0, 23;
    %store/vec4 v0xbbd010b40_0, 0, 1601;
    %fork TD_D_CACHE_tb.load, S_0x10365e9c0;
    %join;
    %vpi_call/w 3 246 "$display", "\012--- Test 8: LHU zero extension ---" {0 0 0};
    %pushi/vec4 96, 0, 32;
    %store/vec4 v0xbbd010280_0, 0, 32;
    %pushi/vec4 5, 0, 3;
    %store/vec4 v0xbbd010aa0_0, 0, 3;
    %pushi/vec4 32767, 0, 32;
    %store/vec4 v0xbbd010a00_0, 0, 32;
    %pushi/vec4 0, 0, 2;
    %store/vec4 v0xbbd010960_0, 0, 2;
    %pushi/vec4 2559617600, 0, 1474;
    %concati/vec4 3252738240, 0, 33;
    %concati/vec4 2175909341, 0, 32;
    %concati/vec4 2512945313, 0, 32;
    %concati/vec4 677999657, 0, 30;
    %store/vec4 v0xbbd010b40_0, 0, 1601;
    %fork TD_D_CACHE_tb.load, S_0x10365e9c0;
    %join;
    %pushi/vec4 98, 0, 32;
    %store/vec4 v0xbbd010280_0, 0, 32;
    %pushi/vec4 5, 0, 3;
    %store/vec4 v0xbbd010aa0_0, 0, 3;
    %pushi/vec4 32769, 0, 32;
    %store/vec4 v0xbbd010a00_0, 0, 32;
    %pushi/vec4 0, 0, 2;
    %store/vec4 v0xbbd010960_0, 0, 2;
    %pushi/vec4 2559617600, 0, 1474;
    %concati/vec4 3252738248, 0, 33;
    %concati/vec4 2178269633, 0, 32;
    %concati/vec4 2512945313, 0, 32;
    %concati/vec4 677999657, 0, 30;
    %store/vec4 v0xbbd010b40_0, 0, 1601;
    %fork TD_D_CACHE_tb.load, S_0x10365e9c0;
    %join;
    %vpi_call/w 3 253 "$display", "\012--- Test 9: Independent words ---" {0 0 0};
    %pushi/vec4 128, 0, 32;
    %store/vec4 v0xbbd012da0_0, 0, 32;
    %pushi/vec4 2863311530, 0, 32;
    %store/vec4 v0xbbd012e40_0, 0, 32;
    %fork TD_D_CACHE_tb.write_mem, S_0x103660640;
    %join;
    %pushi/vec4 132, 0, 32;
    %store/vec4 v0xbbd012da0_0, 0, 32;
    %pushi/vec4 3149642683, 0, 32;
    %store/vec4 v0xbbd012e40_0, 0, 32;
    %fork TD_D_CACHE_tb.write_mem, S_0x103660640;
    %join;
    %pushi/vec4 128, 0, 32;
    %store/vec4 v0xbbd010280_0, 0, 32;
    %pushi/vec4 2, 0, 3;
    %store/vec4 v0xbbd010aa0_0, 0, 3;
    %pushi/vec4 2863311530, 0, 32;
    %store/vec4 v0xbbd010a00_0, 0, 32;
    %pushi/vec4 1, 0, 2;
    %store/vec4 v0xbbd010960_0, 0, 2;
    %pushi/vec4 2561556576, 0, 1522;
    %concati/vec4 4033896512, 0, 32;
    %concati/vec4 2710420913, 0, 33;
    %concati/vec4 9257, 0, 14;
    %store/vec4 v0xbbd010b40_0, 0, 1601;
    %fork TD_D_CACHE_tb.load, S_0x10365e9c0;
    %join;
    %pushi/vec4 132, 0, 32;
    %store/vec4 v0xbbd010280_0, 0, 32;
    %pushi/vec4 2, 0, 3;
    %store/vec4 v0xbbd010aa0_0, 0, 3;
    %pushi/vec4 3149642683, 0, 32;
    %store/vec4 v0xbbd010a00_0, 0, 32;
    %pushi/vec4 1, 0, 2;
    %store/vec4 v0xbbd010960_0, 0, 2;
    %pushi/vec4 2561556576, 0, 1522;
    %concati/vec4 4033898560, 0, 32;
    %concati/vec4 2710420913, 0, 33;
    %concati/vec4 9257, 0, 14;
    %store/vec4 v0xbbd010b40_0, 0, 1601;
    %fork TD_D_CACHE_tb.load, S_0x10365e9c0;
    %join;
    %pushi/vec4 128, 0, 32;
    %store/vec4 v0xbbd010280_0, 0, 32;
    %pushi/vec4 2, 0, 3;
    %store/vec4 v0xbbd010aa0_0, 0, 3;
    %pushi/vec4 2863311530, 0, 32;
    %store/vec4 v0xbbd010a00_0, 0, 32;
    %pushi/vec4 0, 0, 2;
    %store/vec4 v0xbbd010960_0, 0, 2;
    %pushi/vec4 3838466788, 0, 1490;
    %concati/vec4 3401762880, 0, 32;
    %concati/vec4 3252740288, 0, 33;
    %concati/vec4 2158076325, 0, 32;
    %concati/vec4 13353, 0, 14;
    %store/vec4 v0xbbd010b40_0, 0, 1601;
    %fork TD_D_CACHE_tb.load, S_0x10365e9c0;
    %join;
    %vpi_call/w 3 263 "$display", "\012--- Test 10: Boundary set ---" {0 0 0};
    %pushi/vec4 508, 0, 32;
    %store/vec4 v0xbbd012da0_0, 0, 32;
    %pushi/vec4 3131961357, 0, 32;
    %store/vec4 v0xbbd012e40_0, 0, 32;
    %fork TD_D_CACHE_tb.write_mem, S_0x103660640;
    %join;
    %pushi/vec4 508, 0, 32;
    %store/vec4 v0xbbd010280_0, 0, 32;
    %pushi/vec4 2, 0, 3;
    %store/vec4 v0xbbd010aa0_0, 0, 3;
    %pushi/vec4 3131961357, 0, 32;
    %store/vec4 v0xbbd010a00_0, 0, 32;
    %pushi/vec4 1, 0, 2;
    %store/vec4 v0xbbd010960_0, 0, 2;
    %pushi/vec4 2561556576, 0, 1442;
    %concati/vec4 4032990342, 0, 32;
    %concati/vec4 2158087573, 0, 33;
    %concati/vec4 3498099912, 0, 32;
    %concati/vec4 3702555021, 0, 32;
    %concati/vec4 795632681, 0, 30;
    %store/vec4 v0xbbd010b40_0, 0, 1601;
    %fork TD_D_CACHE_tb.load, S_0x10365e9c0;
    %join;
    %pushi/vec4 508, 0, 32;
    %store/vec4 v0xbbd010280_0, 0, 32;
    %pushi/vec4 4, 0, 3;
    %store/vec4 v0xbbd010aa0_0, 0, 3;
    %pushi/vec4 13, 0, 32;
    %store/vec4 v0xbbd010a00_0, 0, 32;
    %pushi/vec4 0, 0, 2;
    %store/vec4 v0xbbd010960_0, 0, 2;
    %pushi/vec4 2558831168, 0, 1466;
    %concati/vec4 3252733209, 0, 33;
    %concati/vec4 3357056605, 0, 36;
    %concati/vec4 3395305552, 0, 35;
    %concati/vec4 1751741481, 0, 31;
    %store/vec4 v0xbbd010b40_0, 0, 1601;
    %fork TD_D_CACHE_tb.load, S_0x10365e9c0;
    %join;
    %vpi_call/w 3 271 "$display", "\012--- Test 11: Same-set byte addressing ---" {0 0 0};
    %pushi/vec4 65, 0, 32;
    %store/vec4 v0xbbd010280_0, 0, 32;
    %pushi/vec4 4, 0, 3;
    %store/vec4 v0xbbd010aa0_0, 0, 3;
    %pushi/vec4 255, 0, 32;
    %store/vec4 v0xbbd010a00_0, 0, 32;
    %pushi/vec4 0, 0, 2;
    %store/vec4 v0xbbd010960_0, 0, 2;
    %pushi/vec4 3871529674, 0, 1442;
    %concati/vec4 3050149328, 0, 33;
    %concati/vec4 2173298129, 0, 32;
    %concati/vec4 2495906097, 0, 32;
    %concati/vec4 2504526362, 0, 36;
    %concati/vec4 6911017, 0, 26;
    %store/vec4 v0xbbd010b40_0, 0, 1601;
    %fork TD_D_CACHE_tb.load, S_0x10365e9c0;
    %join;
    %vpi_call/w 3 280 "$display", "\012--- Test 12: 2-way associativity (A+B same set both hit) ---" {0 0 0};
    %pushi/vec4 12288, 0, 32;
    %store/vec4 v0xbbd012da0_0, 0, 32;
    %pushi/vec4 286331153, 0, 32;
    %store/vec4 v0xbbd012e40_0, 0, 32;
    %fork TD_D_CACHE_tb.write_mem, S_0x103660640;
    %join;
    %pushi/vec4 12800, 0, 32;
    %store/vec4 v0xbbd012da0_0, 0, 32;
    %pushi/vec4 572662306, 0, 32;
    %store/vec4 v0xbbd012e40_0, 0, 32;
    %fork TD_D_CACHE_tb.write_mem, S_0x103660640;
    %join;
    %pushi/vec4 12288, 0, 32;
    %store/vec4 v0xbbd010280_0, 0, 32;
    %pushi/vec4 2, 0, 3;
    %store/vec4 v0xbbd010aa0_0, 0, 3;
    %pushi/vec4 286331153, 0, 32;
    %store/vec4 v0xbbd010a00_0, 0, 32;
    %pushi/vec4 1, 0, 2;
    %store/vec4 v0xbbd010960_0, 0, 2;
    %pushi/vec4 2185257200, 0, 1514;
    %concati/vec4 3435184320, 0, 33;
    %concati/vec4 2158071229, 0, 32;
    %concati/vec4 2909225, 0, 22;
    %store/vec4 v0xbbd010b40_0, 0, 1601;
    %fork TD_D_CACHE_tb.load, S_0x10365e9c0;
    %join;
    %pushi/vec4 12800, 0, 32;
    %store/vec4 v0xbbd010280_0, 0, 32;
    %pushi/vec4 2, 0, 3;
    %store/vec4 v0xbbd010aa0_0, 0, 3;
    %pushi/vec4 572662306, 0, 32;
    %store/vec4 v0xbbd010a00_0, 0, 32;
    %pushi/vec4 1, 0, 2;
    %store/vec4 v0xbbd010960_0, 0, 2;
    %pushi/vec4 2218811632, 0, 1514;
    %concati/vec4 3435708608, 0, 33;
    %concati/vec4 2158071229, 0, 32;
    %concati/vec4 2909225, 0, 22;
    %store/vec4 v0xbbd010b40_0, 0, 1601;
    %fork TD_D_CACHE_tb.load, S_0x10365e9c0;
    %join;
    %pushi/vec4 12288, 0, 32;
    %store/vec4 v0xbbd010280_0, 0, 32;
    %pushi/vec4 2, 0, 3;
    %store/vec4 v0xbbd010aa0_0, 0, 3;
    %pushi/vec4 286331153, 0, 32;
    %store/vec4 v0xbbd010a00_0, 0, 32;
    %pushi/vec4 0, 0, 2;
    %store/vec4 v0xbbd010960_0, 0, 2;
    %pushi/vec4 3838466690, 0, 1498;
    %concati/vec4 2160189644, 0, 33;
    %concati/vec4 3233857664, 0, 32;
    %concati/vec4 2711725520, 0, 32;
    %concati/vec4 41, 0, 6;
    %store/vec4 v0xbbd010b40_0, 0, 1601;
    %fork TD_D_CACHE_tb.load, S_0x10365e9c0;
    %join;
    %pushi/vec4 12800, 0, 32;
    %store/vec4 v0xbbd010280_0, 0, 32;
    %pushi/vec4 2, 0, 3;
    %store/vec4 v0xbbd010aa0_0, 0, 3;
    %pushi/vec4 572662306, 0, 32;
    %store/vec4 v0xbbd010a00_0, 0, 32;
    %pushi/vec4 0, 0, 2;
    %store/vec4 v0xbbd010960_0, 0, 2;
    %pushi/vec4 3838466692, 0, 1498;
    %concati/vec4 2160189644, 0, 33;
    %concati/vec4 3368075392, 0, 32;
    %concati/vec4 2711725520, 0, 32;
    %concati/vec4 41, 0, 6;
    %store/vec4 v0xbbd010b40_0, 0, 1601;
    %fork TD_D_CACHE_tb.load, S_0x10365e9c0;
    %join;
    %vpi_call/w 3 294 "$display", "\012--- Test 13: Capacity miss + eviction ---" {0 0 0};
    %pushi/vec4 13312, 0, 32;
    %store/vec4 v0xbbd012da0_0, 0, 32;
    %pushi/vec4 858993459, 0, 32;
    %store/vec4 v0xbbd012e40_0, 0, 32;
    %fork TD_D_CACHE_tb.write_mem, S_0x103660640;
    %join;
    %pushi/vec4 13312, 0, 32;
    %store/vec4 v0xbbd010280_0, 0, 32;
    %pushi/vec4 2, 0, 3;
    %store/vec4 v0xbbd010aa0_0, 0, 3;
    %pushi/vec4 858993459, 0, 32;
    %store/vec4 v0xbbd010a00_0, 0, 32;
    %pushi/vec4 1, 0, 2;
    %store/vec4 v0xbbd010960_0, 0, 2;
    %pushi/vec4 2252366064, 0, 1442;
    %concati/vec4 3436232896, 0, 33;
    %concati/vec4 2158071173, 0, 32;
    %concati/vec4 3246755237, 0, 32;
    %concati/vec4 3521413557, 0, 32;
    %concati/vec4 695431977, 0, 30;
    %store/vec4 v0xbbd010b40_0, 0, 1601;
    %fork TD_D_CACHE_tb.load, S_0x10365e9c0;
    %join;
    %pushi/vec4 13312, 0, 32;
    %store/vec4 v0xbbd010280_0, 0, 32;
    %pushi/vec4 2, 0, 3;
    %store/vec4 v0xbbd010aa0_0, 0, 3;
    %pushi/vec4 858993459, 0, 32;
    %store/vec4 v0xbbd010a00_0, 0, 32;
    %pushi/vec4 0, 0, 2;
    %store/vec4 v0xbbd010960_0, 0, 2;
    %pushi/vec4 3838466694, 0, 1498;
    %concati/vec4 2160189644, 0, 33;
    %concati/vec4 3502293120, 0, 32;
    %concati/vec4 2711725520, 0, 32;
    %concati/vec4 41, 0, 6;
    %store/vec4 v0xbbd010b40_0, 0, 1601;
    %fork TD_D_CACHE_tb.load, S_0x10365e9c0;
    %join;
    %pushi/vec4 12288, 0, 32;
    %store/vec4 v0xbbd010280_0, 0, 32;
    %pushi/vec4 2, 0, 3;
    %store/vec4 v0xbbd010aa0_0, 0, 3;
    %pushi/vec4 286331153, 0, 32;
    %store/vec4 v0xbbd010a00_0, 0, 32;
    %pushi/vec4 1, 0, 2;
    %store/vec4 v0xbbd010960_0, 0, 2;
    %pushi/vec4 2185257200, 0, 1450;
    %concati/vec4 3435184320, 0, 33;
    %concati/vec4 2174081445, 0, 32;
    %concati/vec4 2379322768, 0, 32;
    %concati/vec4 2158081445, 0, 32;
    %concati/vec4 3371817, 0, 22;
    %store/vec4 v0xbbd010b40_0, 0, 1601;
    %fork TD_D_CACHE_tb.load, S_0x10365e9c0;
    %join;
    %delay 20000, 0;
    %vpi_call/w 3 304 "$display", "\012==============================================" {0 0 0};
    %vpi_call/w 3 305 "$display", "                Test Summary" {0 0 0};
    %vpi_call/w 3 306 "$display", "==============================================" {0 0 0};
    %vpi_call/w 3 307 "$display", "Total Tests: %0d", v0xbbd013660_0 {0 0 0};
    %vpi_call/w 3 308 "$display", "Passed:      %0d", v0xbbd013340_0 {0 0 0};
    %vpi_call/w 3 309 "$display", "Failed:      %0d", v0xbbd0130c0_0 {0 0 0};
    %load/vec4 v0xbbd0130c0_0;
    %cmpi/e 0, 0, 32;
    %jmp/0xz  T_9.0, 4;
    %vpi_call/w 3 311 "$display", "\012*** ALL TESTS PASSED ***" {0 0 0};
    %jmp T_9.1;
T_9.0 ;
    %vpi_call/w 3 313 "$display", "\012*** SOME TESTS FAILED ***" {0 0 0};
T_9.1 ;
    %vpi_call/w 3 314 "$display", "==============================================\012" {0 0 0};
    %vpi_call/w 3 316 "$finish" {0 0 0};
    %end;
    .thread T_9;
# The file index is used to find the file name in the following table.
:file_names 5;
    "N/A";
    "<interactive>";
    "-";
    "./TEST_BENCH/D_CACHE_TB.v";
    "./CACHE/D_CACHE.v";
