#! /c/Source/iverilog-install/bin/vvp
:ivl_version "12.0 (devel)" "(s20150603-1110-g18392a46)";
:ivl_delay_selection "TYPICAL";
:vpi_time_precision + 0;
<<<<<<< HEAD
:vpi_module "/Users/yatagaclapotk/Programs/oss-cad-suite/lib/ivl/system.vpi";
:vpi_module "/Users/yatagaclapotk/Programs/oss-cad-suite/lib/ivl/vhdl_sys.vpi";
:vpi_module "/Users/yatagaclapotk/Programs/oss-cad-suite/lib/ivl/vhdl_textio.vpi";
:vpi_module "/Users/yatagaclapotk/Programs/oss-cad-suite/lib/ivl/v2005_math.vpi";
:vpi_module "/Users/yatagaclapotk/Programs/oss-cad-suite/lib/ivl/va_math.vpi";
S_0x10189abc0 .scope module, "D_CACHE" "D_CACHE" 2 2;
=======
:vpi_module "E:\Programlar\iverilog\lib\ivl\system.vpi";
:vpi_module "E:\Programlar\iverilog\lib\ivl\vhdl_sys.vpi";
:vpi_module "E:\Programlar\iverilog\lib\ivl\vhdl_textio.vpi";
:vpi_module "E:\Programlar\iverilog\lib\ivl\v2005_math.vpi";
:vpi_module "E:\Programlar\iverilog\lib\ivl\va_math.vpi";
S_0000028526492e70 .scope module, "D_CACHE" "D_CACHE" 2 2;
>>>>>>> refs/remotes/origin/main
 .timescale 0 0;
    .port_info 0 /INPUT 1 "clk";
    .port_info 1 /INPUT 1 "reset";
    .port_info 2 /INPUT 1 "valid";
    .port_info 3 /OUTPUT 1 "miss";
    .port_info 4 /OUTPUT 1 "stall";
    .port_info 5 /INPUT 32 "data_in";
    .port_info 6 /INPUT 32 "r_addr";
    .port_info 7 /INPUT 3 "funct3";
    .port_info 8 /OUTPUT 32 "data_out";
<<<<<<< HEAD
P_0x1018a8c00 .param/l "DONE" 0 2 22, +C4<00000000000000000000000000000010>;
P_0x1018a8c40 .param/l "IDLE" 0 2 22, +C4<00000000000000000000000000000000>;
P_0x1018a8c80 .param/l "START" 0 2 22, +C4<00000000000000000000000000000001>;
L_0x1018a8760 .functor OR 1, L_0x1018a9300, L_0x1018a96c0, C4<0>, C4<0>;
v0x1018a86c0_0 .net *"_ivl_12", 56 0, L_0x7578145a0;  1 drivers
v0x1018a8570_0 .net *"_ivl_14", 8 0, L_0x75784a080;  1 drivers
L_0x757c44058 .functor BUFT 1, C4<00>, C4<0>, C4<0>, C4<0>;
v0x1018a7f10_0 .net *"_ivl_17", 1 0, L_0x757c44058;  1 drivers
v0x757848000_0 .net *"_ivl_20", 55 0, L_0x757814640;  1 drivers
v0x7578480a0_0 .net *"_ivl_22", 8 0, L_0x75784a120;  1 drivers
L_0x757c440a0 .functor BUFT 1, C4<00>, C4<0>, C4<0>, C4<0>;
v0x757848140_0 .net *"_ivl_25", 1 0, L_0x757c440a0;  1 drivers
v0x7578481e0_0 .net *"_ivl_28", 56 0, L_0x7578146e0;  1 drivers
v0x757848280_0 .net *"_ivl_30", 8 0, L_0x75784a1c0;  1 drivers
L_0x757c440e8 .functor BUFT 1, C4<00>, C4<0>, C4<0>, C4<0>;
v0x757848320_0 .net *"_ivl_33", 1 0, L_0x757c440e8;  1 drivers
v0x7578483c0_0 .net *"_ivl_36", 55 0, L_0x757814780;  1 drivers
v0x757848460_0 .net *"_ivl_38", 8 0, L_0x75784a260;  1 drivers
v0x757848500_0 .net *"_ivl_4", 55 0, L_0x757814500;  1 drivers
L_0x757c44130 .functor BUFT 1, C4<00>, C4<0>, C4<0>, C4<0>;
v0x7578485a0_0 .net *"_ivl_41", 1 0, L_0x757c44130;  1 drivers
v0x757848640_0 .net *"_ivl_44", 56 0, L_0x757814820;  1 drivers
v0x7578486e0_0 .net *"_ivl_46", 8 0, L_0x75784a300;  1 drivers
L_0x757c44178 .functor BUFT 1, C4<00>, C4<0>, C4<0>, C4<0>;
v0x757848780_0 .net *"_ivl_49", 1 0, L_0x757c44178;  1 drivers
v0x757848820_0 .net *"_ivl_52", 0 0, L_0x75784a3a0;  1 drivers
L_0x757c441c0 .functor BUFT 1, C4<0>, C4<0>, C4<0>, C4<0>;
v0x7578488c0_0 .net/2u *"_ivl_54", 0 0, L_0x757c441c0;  1 drivers
v0x757848960_0 .net *"_ivl_58", 0 0, L_0x75784a440;  1 drivers
v0x757848a00_0 .net *"_ivl_6", 8 0, L_0x757849fe0;  1 drivers
L_0x757c44208 .functor BUFT 1, C4<0>, C4<0>, C4<0>, C4<0>;
v0x757848aa0_0 .net/2u *"_ivl_60", 0 0, L_0x757c44208;  1 drivers
v0x757848b40_0 .net *"_ivl_66", 56 0, L_0x7578148c0;  1 drivers
v0x757848be0_0 .net *"_ivl_68", 8 0, L_0x75784a4e0;  1 drivers
L_0x757c44250 .functor BUFT 1, C4<00>, C4<0>, C4<0>, C4<0>;
v0x757848c80_0 .net *"_ivl_71", 1 0, L_0x757c44250;  1 drivers
L_0x757c44010 .functor BUFT 1, C4<00>, C4<0>, C4<0>, C4<0>;
v0x757848d20_0 .net *"_ivl_9", 1 0, L_0x757c44010;  1 drivers
o0x757c104c0 .functor BUFZ 1, c4<z>; HiZ drive
v0x757848dc0_0 .net "clk", 0 0, o0x757c104c0;  0 drivers
v0x757848e60_0 .var "d_cache", 31 0;
o0x757c10520 .functor BUFZ 32, c4<zzzzzzzzzzzzzzzzzzzzzzzzzzzzzzzz>; HiZ drive
v0x757848f00_0 .net "data_in", 31 0, o0x757c10520;  0 drivers
v0x757848fa0_0 .var "data_out", 31 0;
v0x757849040_0 .net "data_temp", 31 0, L_0x1018a9940;  1 drivers
o0x757c105b0 .functor BUFZ 3, c4<zzz>; HiZ drive
v0x7578490e0_0 .net "funct3", 2 0, o0x757c105b0;  0 drivers
v0x757849180_0 .net "hit", 0 0, L_0x1018a8760;  1 drivers
v0x757849220_0 .net "hit0", 0 0, L_0x1018a9300;  1 drivers
v0x7578492c0_0 .net "hit1", 0 0, L_0x1018a96c0;  1 drivers
v0x757849360_0 .net "lru", 0 0, L_0x756c04c80;  1 drivers
v0x757849400_0 .var "miss", 0 0;
o0x757c106d0 .functor BUFZ 32, c4<zzzzzzzzzzzzzzzzzzzzzzzzzzzzzzzz>; HiZ drive
v0x7578494a0_0 .net "r_addr", 31 0, o0x757c106d0;  0 drivers
o0x757c10700 .functor BUFZ 1, c4<z>; HiZ drive
v0x757849540_0 .net "reset", 0 0, o0x757c10700;  0 drivers
v0x7578495e0_0 .var "selected_byte", 7 0;
v0x757849680_0 .var "selected_half", 15 0;
v0x757849720_0 .net "set", 6 0, L_0x756c04780;  1 drivers
v0x7578497c0_0 .var "stall", 0 0;
v0x757849860_0 .var "state", 0 0;
v0x757849900_0 .net "tag", 22 0, L_0x756c04820;  1 drivers
v0x7578499a0_0 .var "target", 0 0;
o0x757c10880 .functor BUFZ 1, c4<z>; HiZ drive
v0x757849a40_0 .net "valid", 0 0, o0x757c10880;  0 drivers
v0x757849ae0 .array "way0_cache", 128 0, 55 0;
v0x757849b80_0 .net "way0_data", 31 0, L_0x756c048c0;  1 drivers
v0x757849c20_0 .net "way0_tag", 22 0, L_0x756c04a00;  1 drivers
v0x757849cc0_0 .net "way0_valid", 0 0, L_0x756c04b40;  1 drivers
v0x757849d60 .array "way1_cache", 128 0, 56 0;
v0x757849e00_0 .net "way1_data", 31 0, L_0x756c04960;  1 drivers
v0x757849ea0_0 .net "way1_tag", 22 0, L_0x756c04aa0;  1 drivers
v0x757849f40_0 .net "way1_valid", 0 0, L_0x756c04be0;  1 drivers
E_0x75704c4c0/0 .event anyedge, v0x757849180_0, v0x7578494a0_0, v0x757848e60_0, v0x7578490e0_0;
E_0x75704c4c0/1 .event anyedge, v0x7578495e0_0, v0x757849680_0;
E_0x75704c4c0 .event/or E_0x75704c4c0/0, E_0x75704c4c0/1;
E_0x75704c500 .event posedge, v0x757848dc0_0;
L_0x756c04780 .part o0x757c106d0, 2, 7;
L_0x756c04820 .part o0x757c106d0, 9, 23;
L_0x757814500 .array/port v0x757849ae0, L_0x757849fe0;
L_0x757849fe0 .concat [ 7 2 0 0], L_0x756c04780, L_0x757c44010;
L_0x756c048c0 .part L_0x757814500, 0, 32;
L_0x7578145a0 .array/port v0x757849d60, L_0x75784a080;
L_0x75784a080 .concat [ 7 2 0 0], L_0x756c04780, L_0x757c44058;
L_0x756c04960 .part L_0x7578145a0, 0, 32;
L_0x757814640 .array/port v0x757849ae0, L_0x75784a120;
L_0x75784a120 .concat [ 7 2 0 0], L_0x756c04780, L_0x757c440a0;
L_0x756c04a00 .part L_0x757814640, 32, 23;
L_0x7578146e0 .array/port v0x757849d60, L_0x75784a1c0;
L_0x75784a1c0 .concat [ 7 2 0 0], L_0x756c04780, L_0x757c440e8;
L_0x756c04aa0 .part L_0x7578146e0, 32, 23;
L_0x757814780 .array/port v0x757849ae0, L_0x75784a260;
L_0x75784a260 .concat [ 7 2 0 0], L_0x756c04780, L_0x757c44130;
L_0x756c04b40 .part L_0x757814780, 55, 1;
L_0x757814820 .array/port v0x757849d60, L_0x75784a300;
L_0x75784a300 .concat [ 7 2 0 0], L_0x756c04780, L_0x757c44178;
L_0x756c04be0 .part L_0x757814820, 56, 1;
L_0x75784a3a0 .cmp/eq 23, L_0x756c04820, L_0x756c04a00;
L_0x1018a9300 .functor MUXZ 1, L_0x757c441c0, L_0x756c04b40, L_0x75784a3a0, C4<>;
L_0x75784a440 .cmp/eq 23, L_0x756c04820, L_0x756c04aa0;
L_0x1018a96c0 .functor MUXZ 1, L_0x757c44208, L_0x756c04be0, L_0x75784a440, C4<>;
L_0x7578148c0 .array/port v0x757849d60, L_0x75784a4e0;
L_0x75784a4e0 .concat [ 7 2 0 0], L_0x756c04780, L_0x757c44250;
L_0x756c04c80 .part L_0x7578148c0, 55, 1;
L_0x1018a9940 .functor MUXZ 32, L_0x756c048c0, L_0x756c04960, L_0x1018a96c0, C4<>;
    .scope S_0x10189abc0;
T_0 ;
    %wait E_0x75704c500;
    %load/vec4 v0x757849540_0;
    %flag_set/vec4 8;
    %jmp/0xz  T_0.0, 8;
    %pushi/vec4 0, 0, 1;
    %assign/vec4 v0x757849400_0, 0;
    %pushi/vec4 0, 0, 1;
    %assign/vec4 v0x7578497c0_0, 0;
    %pushi/vec4 0, 0, 1;
    %assign/vec4 v0x7578499a0_0, 0;
    %pushi/vec4 0, 0, 1;
    %assign/vec4 v0x757849860_0, 0;
    %jmp T_0.1;
T_0.0 ;
    %load/vec4 v0x757849860_0;
=======
P_0000028526493000 .param/l "DONE" 0 2 22, +C4<00000000000000000000000000000010>;
P_0000028526493038 .param/l "IDLE" 0 2 22, +C4<00000000000000000000000000000000>;
P_0000028526493070 .param/l "START" 0 2 22, +C4<00000000000000000000000000000001>;
L_00000285264d5410 .functor OR 1, L_000002852652d0f0, L_000002852652e310, C4<0>, C4<0>;
v00000285264c03a0_0 .net *"_ivl_12", 56 0, L_000002852652e450;  1 drivers
v00000285264c13e0_0 .net *"_ivl_14", 8 0, L_000002852652e810;  1 drivers
L_000002852652ed40 .functor BUFT 1, C4<00>, C4<0>, C4<0>, C4<0>;
v00000285264c0760_0 .net *"_ivl_17", 1 0, L_000002852652ed40;  1 drivers
v00000285264c1340_0 .net *"_ivl_20", 55 0, L_000002852652e630;  1 drivers
v00000285264c1c00_0 .net *"_ivl_22", 8 0, L_000002852652e1d0;  1 drivers
L_000002852652ed88 .functor BUFT 1, C4<00>, C4<0>, C4<0>, C4<0>;
v00000285264c0260_0 .net *"_ivl_25", 1 0, L_000002852652ed88;  1 drivers
v00000285264c0e40_0 .net *"_ivl_28", 56 0, L_000002852652d910;  1 drivers
v00000285264c0940_0 .net *"_ivl_30", 8 0, L_000002852652e590;  1 drivers
L_000002852652edd0 .functor BUFT 1, C4<00>, C4<0>, C4<0>, C4<0>;
v00000285264c0620_0 .net *"_ivl_33", 1 0, L_000002852652edd0;  1 drivers
v00000285264c1660_0 .net *"_ivl_36", 55 0, L_000002852652dff0;  1 drivers
v00000285264c0800_0 .net *"_ivl_38", 8 0, L_000002852652e270;  1 drivers
v00000285264c0300_0 .net *"_ivl_4", 55 0, L_000002852652e130;  1 drivers
L_000002852652ee18 .functor BUFT 1, C4<00>, C4<0>, C4<0>, C4<0>;
v00000285264c0440_0 .net *"_ivl_41", 1 0, L_000002852652ee18;  1 drivers
v00000285264c1160_0 .net *"_ivl_44", 56 0, L_000002852652d190;  1 drivers
v00000285264c1020_0 .net *"_ivl_46", 8 0, L_000002852652e3b0;  1 drivers
L_000002852652ee60 .functor BUFT 1, C4<00>, C4<0>, C4<0>, C4<0>;
v00000285264c04e0_0 .net *"_ivl_49", 1 0, L_000002852652ee60;  1 drivers
v00000285264c1200_0 .net *"_ivl_52", 0 0, L_000002852652cfb0;  1 drivers
L_000002852652eea8 .functor BUFT 1, C4<0>, C4<0>, C4<0>, C4<0>;
v00000285264c1520_0 .net/2u *"_ivl_54", 0 0, L_000002852652eea8;  1 drivers
v00000285264c1700_0 .net *"_ivl_58", 0 0, L_000002852652d9b0;  1 drivers
v00000285264c0120_0 .net *"_ivl_6", 8 0, L_000002852652d870;  1 drivers
L_000002852652eef0 .functor BUFT 1, C4<0>, C4<0>, C4<0>, C4<0>;
v00000285264c0da0_0 .net/2u *"_ivl_60", 0 0, L_000002852652eef0;  1 drivers
v00000285264c12a0_0 .net *"_ivl_66", 56 0, L_000002852652cdd0;  1 drivers
v00000285264c1480_0 .net *"_ivl_68", 8 0, L_000002852652da50;  1 drivers
L_000002852652ef38 .functor BUFT 1, C4<00>, C4<0>, C4<0>, C4<0>;
v00000285264c10c0_0 .net *"_ivl_71", 1 0, L_000002852652ef38;  1 drivers
L_000002852652ecf8 .functor BUFT 1, C4<00>, C4<0>, C4<0>, C4<0>;
v00000285264c0ee0_0 .net *"_ivl_9", 1 0, L_000002852652ecf8;  1 drivers
o00000285264db488 .functor BUFZ 1, C4<z>; HiZ drive
v00000285264c17a0_0 .net "clk", 0 0, o00000285264db488;  0 drivers
v00000285264c1840_0 .var "d_cache", 31 0;
o00000285264db4e8 .functor BUFZ 32, C4<zzzzzzzzzzzzzzzzzzzzzzzzzzzzzzzz>; HiZ drive
v00000285264c18e0_0 .net "data_in", 31 0, o00000285264db4e8;  0 drivers
v00000285264c09e0_0 .var "data_out", 31 0;
v00000285264c1980_0 .net "data_temp", 31 0, L_000002852652df50;  1 drivers
o00000285264db578 .functor BUFZ 3, C4<zzz>; HiZ drive
v00000285264c1ac0_0 .net "funct3", 2 0, o00000285264db578;  0 drivers
v00000285264c1a20_0 .net "hit", 0 0, L_00000285264d5410;  1 drivers
v00000285264c1b60_0 .net "hit0", 0 0, L_000002852652d0f0;  1 drivers
v00000285264c0a80_0 .net "hit1", 0 0, L_000002852652e310;  1 drivers
v00000285264c1ca0_0 .net "lru", 0 0, L_000002852652e6d0;  1 drivers
v00000285264c0b20_0 .var "miss", 0 0;
o00000285264db698 .functor BUFZ 32, C4<zzzzzzzzzzzzzzzzzzzzzzzzzzzzzzzz>; HiZ drive
v00000285264c06c0_0 .net "r_addr", 31 0, o00000285264db698;  0 drivers
o00000285264db6c8 .functor BUFZ 1, C4<z>; HiZ drive
v00000285264c0bc0_0 .net "reset", 0 0, o00000285264db6c8;  0 drivers
v00000285264c0c60_0 .var "selected_byte", 7 0;
v00000285264bfe00_0 .var "selected_half", 15 0;
v00000285264bfea0_0 .net "set", 6 0, L_000002852652e090;  1 drivers
v00000285264bff40_0 .var "stall", 0 0;
v00000285264bffe0_0 .var "state", 0 0;
v00000285264c01c0_0 .net "tag", 22 0, L_000002852652ea90;  1 drivers
v00000285264c0580_0 .var "target", 0 0;
o00000285264db848 .functor BUFZ 1, C4<z>; HiZ drive
v000002852652deb0_0 .net "valid", 0 0, o00000285264db848;  0 drivers
v000002852652d050 .array "way0_cache", 128 0, 55 0;
v000002852652d730_0 .net "way0_data", 31 0, L_000002852652e770;  1 drivers
v000002852652d690_0 .net "way0_tag", 22 0, L_000002852652dd70;  1 drivers
v000002852652cd30_0 .net "way0_valid", 0 0, L_000002852652d4b0;  1 drivers
v000002852652e8b0 .array "way1_cache", 128 0, 56 0;
v000002852652d7d0_0 .net "way1_data", 31 0, L_000002852652d550;  1 drivers
v000002852652ebd0_0 .net "way1_tag", 22 0, L_000002852652e4f0;  1 drivers
v000002852652d230_0 .net "way1_valid", 0 0, L_000002852652de10;  1 drivers
E_00000285264c3720/0 .event anyedge, v00000285264c1a20_0, v00000285264c06c0_0, v00000285264c1840_0, v00000285264c1ac0_0;
E_00000285264c3720/1 .event anyedge, v00000285264c0c60_0, v00000285264bfe00_0;
E_00000285264c3720 .event/or E_00000285264c3720/0, E_00000285264c3720/1;
E_00000285264c3a60 .event posedge, v00000285264c17a0_0;
L_000002852652e090 .part o00000285264db698, 2, 7;
L_000002852652ea90 .part o00000285264db698, 9, 23;
L_000002852652e130 .array/port v000002852652d050, L_000002852652d870;
L_000002852652d870 .concat [ 7 2 0 0], L_000002852652e090, L_000002852652ecf8;
L_000002852652e770 .part L_000002852652e130, 0, 32;
L_000002852652e450 .array/port v000002852652e8b0, L_000002852652e810;
L_000002852652e810 .concat [ 7 2 0 0], L_000002852652e090, L_000002852652ed40;
L_000002852652d550 .part L_000002852652e450, 0, 32;
L_000002852652e630 .array/port v000002852652d050, L_000002852652e1d0;
L_000002852652e1d0 .concat [ 7 2 0 0], L_000002852652e090, L_000002852652ed88;
L_000002852652dd70 .part L_000002852652e630, 32, 23;
L_000002852652d910 .array/port v000002852652e8b0, L_000002852652e590;
L_000002852652e590 .concat [ 7 2 0 0], L_000002852652e090, L_000002852652edd0;
L_000002852652e4f0 .part L_000002852652d910, 32, 23;
L_000002852652dff0 .array/port v000002852652d050, L_000002852652e270;
L_000002852652e270 .concat [ 7 2 0 0], L_000002852652e090, L_000002852652ee18;
L_000002852652d4b0 .part L_000002852652dff0, 55, 1;
L_000002852652d190 .array/port v000002852652e8b0, L_000002852652e3b0;
L_000002852652e3b0 .concat [ 7 2 0 0], L_000002852652e090, L_000002852652ee60;
L_000002852652de10 .part L_000002852652d190, 56, 1;
L_000002852652cfb0 .cmp/eq 23, L_000002852652ea90, L_000002852652dd70;
L_000002852652d0f0 .functor MUXZ 1, L_000002852652eea8, L_000002852652d4b0, L_000002852652cfb0, C4<>;
L_000002852652d9b0 .cmp/eq 23, L_000002852652ea90, L_000002852652e4f0;
L_000002852652e310 .functor MUXZ 1, L_000002852652eef0, L_000002852652de10, L_000002852652d9b0, C4<>;
L_000002852652cdd0 .array/port v000002852652e8b0, L_000002852652da50;
L_000002852652da50 .concat [ 7 2 0 0], L_000002852652e090, L_000002852652ef38;
L_000002852652e6d0 .part L_000002852652cdd0, 55, 1;
L_000002852652df50 .functor MUXZ 32, L_000002852652e770, L_000002852652d550, L_000002852652e310, C4<>;
    .scope S_0000028526492e70;
T_0 ;
    %wait E_00000285264c3a60;
    %load/vec4 v00000285264c0bc0_0;
    %flag_set/vec4 8;
    %jmp/0xz  T_0.0, 8;
    %pushi/vec4 0, 0, 1;
    %assign/vec4 v00000285264c0b20_0, 0;
    %pushi/vec4 0, 0, 1;
    %assign/vec4 v00000285264bff40_0, 0;
    %pushi/vec4 0, 0, 1;
    %assign/vec4 v00000285264c0580_0, 0;
    %pushi/vec4 0, 0, 1;
    %assign/vec4 v00000285264bffe0_0, 0;
    %jmp T_0.1;
T_0.0 ;
    %load/vec4 v00000285264bffe0_0;
>>>>>>> refs/remotes/origin/main
    %pad/u 2;
    %dup/vec4;
    %pushi/vec4 0, 0, 2;
    %cmp/u;
    %jmp/1 T_0.2, 6;
    %dup/vec4;
    %pushi/vec4 1, 0, 2;
    %cmp/u;
    %jmp/1 T_0.3, 6;
    %dup/vec4;
    %pushi/vec4 2, 0, 2;
    %cmp/u;
    %jmp/1 T_0.4, 6;
    %jmp T_0.5;
T_0.2 ;
<<<<<<< HEAD
    %load/vec4 v0x757849180_0;
=======
    %load/vec4 v00000285264c1a20_0;
>>>>>>> refs/remotes/origin/main
    %nor/r;
    %flag_set/vec4 8;
    %jmp/0xz  T_0.6, 8;
    %pushi/vec4 1, 0, 1;
<<<<<<< HEAD
    %assign/vec4 v0x757849400_0, 0;
    %pushi/vec4 1, 0, 1;
    %assign/vec4 v0x7578497c0_0, 0;
    %pushi/vec4 1, 0, 1;
    %assign/vec4 v0x757849860_0, 0;
    %jmp T_0.7;
T_0.6 ;
    %load/vec4 v0x757849040_0;
    %assign/vec4 v0x757848e60_0, 0;
    %pushi/vec4 0, 0, 1;
    %assign/vec4 v0x757849400_0, 0;
T_0.7 ;
    %jmp T_0.5;
T_0.3 ;
    %load/vec4 v0x757849a40_0;
    %flag_set/vec4 8;
    %jmp/0xz  T_0.8, 8;
    %pushi/vec4 0, 0, 1;
    %assign/vec4 v0x757849860_0, 0;
    %load/vec4 v0x757849360_0;
    %flag_set/vec4 8;
    %jmp/0xz  T_0.10, 8;
    %load/vec4 v0x757849a40_0;
    %load/vec4 v0x757849360_0;
    %nor/r;
    %concat/vec4; draw_concat_vec4
    %load/vec4 v0x757849900_0;
    %concat/vec4; draw_concat_vec4
    %load/vec4 v0x757848f00_0;
    %concat/vec4; draw_concat_vec4
    %load/vec4 v0x757849720_0;
    %pad/u 9;
    %ix/vec4 3;
    %ix/load 4, 0, 0; Constant delay
    %assign/vec4/a/d v0x757849d60, 0, 4;
    %jmp T_0.11;
T_0.10 ;
    %load/vec4 v0x757849a40_0;
    %load/vec4 v0x757849900_0;
    %concat/vec4; draw_concat_vec4
    %load/vec4 v0x757848f00_0;
    %concat/vec4; draw_concat_vec4
    %load/vec4 v0x757849720_0;
    %pad/u 9;
    %ix/vec4 3;
    %ix/load 4, 0, 0; Constant delay
    %assign/vec4/a/d v0x757849ae0, 0, 4;
=======
    %assign/vec4 v00000285264c0b20_0, 0;
    %pushi/vec4 1, 0, 1;
    %assign/vec4 v00000285264bff40_0, 0;
    %pushi/vec4 1, 0, 1;
    %assign/vec4 v00000285264bffe0_0, 0;
    %jmp T_0.7;
T_0.6 ;
    %load/vec4 v00000285264c1980_0;
    %assign/vec4 v00000285264c1840_0, 0;
    %pushi/vec4 0, 0, 1;
    %assign/vec4 v00000285264c0b20_0, 0;
T_0.7 ;
    %jmp T_0.5;
T_0.3 ;
    %load/vec4 v000002852652deb0_0;
    %flag_set/vec4 8;
    %jmp/0xz  T_0.8, 8;
    %pushi/vec4 0, 0, 1;
    %assign/vec4 v00000285264bffe0_0, 0;
    %load/vec4 v00000285264c1ca0_0;
    %flag_set/vec4 8;
    %jmp/0xz  T_0.10, 8;
    %load/vec4 v000002852652deb0_0;
    %load/vec4 v00000285264c1ca0_0;
    %nor/r;
    %concat/vec4; draw_concat_vec4
    %load/vec4 v00000285264c01c0_0;
    %concat/vec4; draw_concat_vec4
    %load/vec4 v00000285264c18e0_0;
    %concat/vec4; draw_concat_vec4
    %load/vec4 v00000285264bfea0_0;
    %pad/u 9;
    %ix/vec4 3;
    %ix/load 4, 0, 0; Constant delay
    %assign/vec4/a/d v000002852652e8b0, 0, 4;
    %jmp T_0.11;
T_0.10 ;
    %load/vec4 v000002852652deb0_0;
    %load/vec4 v00000285264c01c0_0;
    %concat/vec4; draw_concat_vec4
    %load/vec4 v00000285264c18e0_0;
    %concat/vec4; draw_concat_vec4
    %load/vec4 v00000285264bfea0_0;
    %pad/u 9;
    %ix/vec4 3;
    %ix/load 4, 0, 0; Constant delay
    %assign/vec4/a/d v000002852652d050, 0, 4;
>>>>>>> refs/remotes/origin/main
T_0.11 ;
    %jmp T_0.9;
T_0.8 ;
    %pushi/vec4 1, 0, 1;
<<<<<<< HEAD
    %assign/vec4 v0x757849860_0, 0;
=======
    %assign/vec4 v00000285264bffe0_0, 0;
>>>>>>> refs/remotes/origin/main
T_0.9 ;
    %jmp T_0.5;
T_0.4 ;
    %pushi/vec4 0, 0, 1;
<<<<<<< HEAD
    %assign/vec4 v0x757849400_0, 0;
    %pushi/vec4 0, 0, 1;
    %assign/vec4 v0x7578497c0_0, 0;
    %pushi/vec4 0, 0, 1;
    %assign/vec4 v0x757849860_0, 0;
=======
    %assign/vec4 v00000285264c0b20_0, 0;
    %pushi/vec4 0, 0, 1;
    %assign/vec4 v00000285264bff40_0, 0;
    %pushi/vec4 0, 0, 1;
    %assign/vec4 v00000285264bffe0_0, 0;
>>>>>>> refs/remotes/origin/main
    %jmp T_0.5;
T_0.5 ;
    %pop/vec4 1;
T_0.1 ;
    %jmp T_0;
    .thread T_0;
<<<<<<< HEAD
    .scope S_0x10189abc0;
T_1 ;
    %wait E_0x75704c4c0;
    %load/vec4 v0x757849180_0;
    %flag_set/vec4 8;
    %jmp/0xz  T_1.0, 8;
    %load/vec4 v0x7578494a0_0;
=======
    .scope S_0000028526492e70;
T_1 ;
    %wait E_00000285264c3720;
    %load/vec4 v00000285264c1a20_0;
    %flag_set/vec4 8;
    %jmp/0xz  T_1.0, 8;
    %load/vec4 v00000285264c06c0_0;
>>>>>>> refs/remotes/origin/main
    %parti/s 2, 0, 2;
    %dup/vec4;
    %pushi/vec4 0, 0, 2;
    %cmp/u;
    %jmp/1 T_1.2, 6;
    %dup/vec4;
    %pushi/vec4 1, 0, 2;
    %cmp/u;
    %jmp/1 T_1.3, 6;
    %dup/vec4;
    %pushi/vec4 2, 0, 2;
    %cmp/u;
    %jmp/1 T_1.4, 6;
    %dup/vec4;
    %pushi/vec4 3, 0, 2;
    %cmp/u;
    %jmp/1 T_1.5, 6;
    %jmp T_1.6;
T_1.2 ;
<<<<<<< HEAD
    %load/vec4 v0x757848e60_0;
    %parti/s 8, 0, 2;
    %store/vec4 v0x7578495e0_0, 0, 8;
    %jmp T_1.6;
T_1.3 ;
    %load/vec4 v0x757848e60_0;
    %parti/s 8, 8, 5;
    %store/vec4 v0x7578495e0_0, 0, 8;
    %jmp T_1.6;
T_1.4 ;
    %load/vec4 v0x757848e60_0;
    %parti/s 8, 16, 6;
    %store/vec4 v0x7578495e0_0, 0, 8;
    %jmp T_1.6;
T_1.5 ;
    %load/vec4 v0x757848e60_0;
    %parti/s 8, 24, 6;
    %store/vec4 v0x7578495e0_0, 0, 8;
    %jmp T_1.6;
T_1.6 ;
    %pop/vec4 1;
    %load/vec4 v0x7578494a0_0;
=======
    %load/vec4 v00000285264c1840_0;
    %parti/s 8, 0, 2;
    %store/vec4 v00000285264c0c60_0, 0, 8;
    %jmp T_1.6;
T_1.3 ;
    %load/vec4 v00000285264c1840_0;
    %parti/s 8, 8, 5;
    %store/vec4 v00000285264c0c60_0, 0, 8;
    %jmp T_1.6;
T_1.4 ;
    %load/vec4 v00000285264c1840_0;
    %parti/s 8, 16, 6;
    %store/vec4 v00000285264c0c60_0, 0, 8;
    %jmp T_1.6;
T_1.5 ;
    %load/vec4 v00000285264c1840_0;
    %parti/s 8, 24, 6;
    %store/vec4 v00000285264c0c60_0, 0, 8;
    %jmp T_1.6;
T_1.6 ;
    %pop/vec4 1;
    %load/vec4 v00000285264c06c0_0;
>>>>>>> refs/remotes/origin/main
    %parti/s 1, 1, 2;
    %dup/vec4;
    %pushi/vec4 0, 0, 1;
    %cmp/u;
    %jmp/1 T_1.7, 6;
    %dup/vec4;
    %pushi/vec4 1, 0, 1;
    %cmp/u;
    %jmp/1 T_1.8, 6;
    %jmp T_1.9;
T_1.7 ;
<<<<<<< HEAD
    %load/vec4 v0x757848e60_0;
    %parti/s 16, 0, 2;
    %store/vec4 v0x757849680_0, 0, 16;
    %jmp T_1.9;
T_1.8 ;
    %load/vec4 v0x757848e60_0;
    %parti/s 16, 16, 6;
    %store/vec4 v0x757849680_0, 0, 16;
    %jmp T_1.9;
T_1.9 ;
    %pop/vec4 1;
    %load/vec4 v0x7578490e0_0;
=======
    %load/vec4 v00000285264c1840_0;
    %parti/s 16, 0, 2;
    %store/vec4 v00000285264bfe00_0, 0, 16;
    %jmp T_1.9;
T_1.8 ;
    %load/vec4 v00000285264c1840_0;
    %parti/s 16, 16, 6;
    %store/vec4 v00000285264bfe00_0, 0, 16;
    %jmp T_1.9;
T_1.9 ;
    %pop/vec4 1;
    %load/vec4 v00000285264c1ac0_0;
>>>>>>> refs/remotes/origin/main
    %dup/vec4;
    %pushi/vec4 0, 0, 3;
    %cmp/u;
    %jmp/1 T_1.10, 6;
    %dup/vec4;
    %pushi/vec4 1, 0, 3;
    %cmp/u;
    %jmp/1 T_1.11, 6;
    %dup/vec4;
    %pushi/vec4 2, 0, 3;
    %cmp/u;
    %jmp/1 T_1.12, 6;
    %dup/vec4;
    %pushi/vec4 4, 0, 3;
    %cmp/u;
    %jmp/1 T_1.13, 6;
    %dup/vec4;
    %pushi/vec4 5, 0, 3;
    %cmp/u;
    %jmp/1 T_1.14, 6;
<<<<<<< HEAD
    %load/vec4 v0x757848e60_0;
    %store/vec4 v0x757848fa0_0, 0, 32;
    %jmp T_1.16;
T_1.10 ;
    %load/vec4 v0x7578495e0_0;
    %parti/s 1, 7, 4;
    %replicate 24;
    %load/vec4 v0x7578495e0_0;
    %concat/vec4; draw_concat_vec4
    %store/vec4 v0x757848fa0_0, 0, 32;
    %jmp T_1.16;
T_1.11 ;
    %load/vec4 v0x757849680_0;
    %parti/s 1, 15, 5;
    %replicate 16;
    %load/vec4 v0x757849680_0;
    %concat/vec4; draw_concat_vec4
    %store/vec4 v0x757848fa0_0, 0, 32;
    %jmp T_1.16;
T_1.12 ;
    %load/vec4 v0x757848e60_0;
    %store/vec4 v0x757848fa0_0, 0, 32;
    %jmp T_1.16;
T_1.13 ;
    %pushi/vec4 0, 0, 24;
    %load/vec4 v0x7578495e0_0;
    %concat/vec4; draw_concat_vec4
    %store/vec4 v0x757848fa0_0, 0, 32;
    %jmp T_1.16;
T_1.14 ;
    %pushi/vec4 0, 0, 16;
    %load/vec4 v0x757849680_0;
    %concat/vec4; draw_concat_vec4
    %store/vec4 v0x757848fa0_0, 0, 32;
=======
    %load/vec4 v00000285264c1840_0;
    %store/vec4 v00000285264c09e0_0, 0, 32;
    %jmp T_1.16;
T_1.10 ;
    %load/vec4 v00000285264c0c60_0;
    %parti/s 1, 7, 4;
    %replicate 24;
    %load/vec4 v00000285264c0c60_0;
    %concat/vec4; draw_concat_vec4
    %store/vec4 v00000285264c09e0_0, 0, 32;
    %jmp T_1.16;
T_1.11 ;
    %load/vec4 v00000285264bfe00_0;
    %parti/s 1, 15, 5;
    %replicate 16;
    %load/vec4 v00000285264bfe00_0;
    %concat/vec4; draw_concat_vec4
    %store/vec4 v00000285264c09e0_0, 0, 32;
    %jmp T_1.16;
T_1.12 ;
    %load/vec4 v00000285264c1840_0;
    %store/vec4 v00000285264c09e0_0, 0, 32;
    %jmp T_1.16;
T_1.13 ;
    %pushi/vec4 0, 0, 24;
    %load/vec4 v00000285264c0c60_0;
    %concat/vec4; draw_concat_vec4
    %store/vec4 v00000285264c09e0_0, 0, 32;
    %jmp T_1.16;
T_1.14 ;
    %pushi/vec4 0, 0, 16;
    %load/vec4 v00000285264bfe00_0;
    %concat/vec4; draw_concat_vec4
    %store/vec4 v00000285264c09e0_0, 0, 32;
>>>>>>> refs/remotes/origin/main
    %jmp T_1.16;
T_1.16 ;
    %pop/vec4 1;
T_1.0 ;
    %jmp T_1;
    .thread T_1, $push;
# The file index is used to find the file name in the following table.
:file_names 3;
    "N/A";
    "<interactive>";
    "e:\RV32IM\Mezuniyet_Projesi\CPU\CACHE\D_CACHE.v";
